../Core/Src/sd_functions.c:29:5:sd_format	24	static
../Core/Src/sd_functions.c:41:5:sd_get_space_kb	48	static
../Core/Src/sd_functions.c:55:5:sd_mount	24	static
../Core/Src/sd_functions.c:115:5:sd_unmount	24	static
../Core/Src/sd_functions.c:121:5:sd_write_file	600	static
../Core/Src/sd_functions.c:133:5:sd_append_file	600	static
../Core/Src/sd_functions.c:151:5:sd_read_file	600	static
../Core/Src/sd_functions.c:186:5:sd_read_csv	744	static
../Core/Src/sd_functions.c:229:5:sd_delete_file	32	static
../Core/Src/sd_functions.c:235:5:sd_rename_file	32	static
../Core/Src/sd_functions.c:241:9:sd_create_directory	32	static
../Core/Src/sd_functions.c:247:6:sd_list_directory_recursive	1008	static
../Core/Src/sd_functions.c:279:6:sd_list_files	8	static
../Core/Src/sd_functions.c:285:7:sd_find_in_directory	888	static
../Core/Src/sd_functions.c:323:9:sd_write_file_with_directory	296	static
../Core/Src/sd_functions.c:329:9:sd_append_file_with_directory	296	static
../Core/Src/sd_functions.c:335:9:sd_file_exists_in_directory	872	static
../Core/Src/sd_functions.c:368:13:get_folder_name_and_signal_led	16	static
../Core/Src/sd_functions.c:387:6:get_folder_path	40	static
../Core/Src/sd_functions.c:407:6:get_file_name	48	static
../Core/Src/sd_functions.c:423:6:sd_create_and_write_file	32	static
