../Core/Src/sd_spi.c:43:6:HAL_SPI_TxCpltCallback	16	static
../Core/Src/sd_spi.c:47:6:HAL_SPI_TxRxCpltCallback	16	static
../Core/Src/sd_spi.c:52:13:SD_TransmitByte	16	static
../Core/Src/sd_spi.c:56:16:SD_ReceiveByte	24	static
../Core/Src/sd_spi.c:62:13:SD_TransmitBuffer	16	static
../Core/Src/sd_spi.c:72:13:SD_ReceiveBuffer	24	static
../Core/Src/sd_spi.c:86:18:SD_WaitReady	24	static
../Core/Src/sd_spi.c:96:16:SD_SendCommand	32	static
../Core/Src/sd_spi.c:115:9:sd_is_sdhc	8	static
../Core/Src/sd_spi.c:120:11:SD_SPI_Init	32	static
../Core/Src/sd_spi.c:174:11:SD_ReadBlocks	40	static
../Core/Src/sd_spi.c:207:11:SD_ReadMultiBlocks	40	static
../Core/Src/sd_spi.c:245:11:SD_WriteBlocks	40	static
../Core/Src/sd_spi.c:277:11:SD_WriteMultiBlocks	40	static
