Archive member included to satisfy reference by file (symbol)

C:/ST/STM32CubeIDE_1.19.0/STM32CubeIDE/plugins/com.st.stm32cube.ide.mcu.externaltools.gnu-tools-for-stm32.13.3.rel1.win32_1.0.0.202411081344/tools/bin/../lib/gcc/arm-none-eabi/13.3.1/../../../../arm-none-eabi/lib/thumb/v6-m/nofp\libc_nano.a(libc_a-atoi.o)
                              ./Core/Src/sd_functions.o (atoi)
C:/ST/STM32CubeIDE_1.19.0/STM32CubeIDE/plugins/com.st.stm32cube.ide.mcu.externaltools.gnu-tools-for-stm32.13.3.rel1.win32_1.0.0.202411081344/tools/bin/../lib/gcc/arm-none-eabi/13.3.1/../../../../arm-none-eabi/lib/thumb/v6-m/nofp\libc_nano.a(libc_a-exit.o)
                              C:/ST/STM32CubeIDE_1.19.0/STM32CubeIDE/plugins/com.st.stm32cube.ide.mcu.externaltools.gnu-tools-for-stm32.13.3.rel1.win32_1.0.0.202411081344/tools/bin/../lib/gcc/arm-none-eabi/13.3.1/../../../../arm-none-eabi/lib/thumb/v6-m/nofp/crt0.o (exit)
C:/ST/STM32CubeIDE_1.19.0/STM32CubeIDE/plugins/com.st.stm32cube.ide.mcu.externaltools.gnu-tools-for-stm32.13.3.rel1.win32_1.0.0.202411081344/tools/bin/../lib/gcc/arm-none-eabi/13.3.1/../../../../arm-none-eabi/lib/thumb/v6-m/nofp\libc_nano.a(libc_a-malloc.o)
                              ./Middlewares/Third_Party/FatFs/src/option/syscall.o (malloc)
C:/ST/STM32CubeIDE_1.19.0/STM32CubeIDE/plugins/com.st.stm32cube.ide.mcu.externaltools.gnu-tools-for-stm32.13.3.rel1.win32_1.0.0.202411081344/tools/bin/../lib/gcc/arm-none-eabi/13.3.1/../../../../arm-none-eabi/lib/thumb/v6-m/nofp\libc_nano.a(libc_a-mallocr.o)
                              C:/ST/STM32CubeIDE_1.19.0/STM32CubeIDE/plugins/com.st.stm32cube.ide.mcu.externaltools.gnu-tools-for-stm32.13.3.rel1.win32_1.0.0.202411081344/tools/bin/../lib/gcc/arm-none-eabi/13.3.1/../../../../arm-none-eabi/lib/thumb/v6-m/nofp\libc_nano.a(libc_a-malloc.o) (_malloc_r)
C:/ST/STM32CubeIDE_1.19.0/STM32CubeIDE/plugins/com.st.stm32cube.ide.mcu.externaltools.gnu-tools-for-stm32.13.3.rel1.win32_1.0.0.202411081344/tools/bin/../lib/gcc/arm-none-eabi/13.3.1/../../../../arm-none-eabi/lib/thumb/v6-m/nofp\libc_nano.a(libc_a-mlock.o)
                              C:/ST/STM32CubeIDE_1.19.0/STM32CubeIDE/plugins/com.st.stm32cube.ide.mcu.externaltools.gnu-tools-for-stm32.13.3.rel1.win32_1.0.0.202411081344/tools/bin/../lib/gcc/arm-none-eabi/13.3.1/../../../../arm-none-eabi/lib/thumb/v6-m/nofp\libc_nano.a(libc_a-mallocr.o) (__malloc_lock)
C:/ST/STM32CubeIDE_1.19.0/STM32CubeIDE/plugins/com.st.stm32cube.ide.mcu.externaltools.gnu-tools-for-stm32.13.3.rel1.win32_1.0.0.202411081344/tools/bin/../lib/gcc/arm-none-eabi/13.3.1/../../../../arm-none-eabi/lib/thumb/v6-m/nofp\libc_nano.a(libc_a-strtol.o)
                              C:/ST/STM32CubeIDE_1.19.0/STM32CubeIDE/plugins/com.st.stm32cube.ide.mcu.externaltools.gnu-tools-for-stm32.13.3.rel1.win32_1.0.0.202411081344/tools/bin/../lib/gcc/arm-none-eabi/13.3.1/../../../../arm-none-eabi/lib/thumb/v6-m/nofp\libc_nano.a(libc_a-atoi.o) (_strtol_r)
C:/ST/STM32CubeIDE_1.19.0/STM32CubeIDE/plugins/com.st.stm32cube.ide.mcu.externaltools.gnu-tools-for-stm32.13.3.rel1.win32_1.0.0.202411081344/tools/bin/../lib/gcc/arm-none-eabi/13.3.1/../../../../arm-none-eabi/lib/thumb/v6-m/nofp\libc_nano.a(libc_a-ctype_.o)
                              C:/ST/STM32CubeIDE_1.19.0/STM32CubeIDE/plugins/com.st.stm32cube.ide.mcu.externaltools.gnu-tools-for-stm32.13.3.rel1.win32_1.0.0.202411081344/tools/bin/../lib/gcc/arm-none-eabi/13.3.1/../../../../arm-none-eabi/lib/thumb/v6-m/nofp\libc_nano.a(libc_a-strtol.o) (_ctype_)
C:/ST/STM32CubeIDE_1.19.0/STM32CubeIDE/plugins/com.st.stm32cube.ide.mcu.externaltools.gnu-tools-for-stm32.13.3.rel1.win32_1.0.0.202411081344/tools/bin/../lib/gcc/arm-none-eabi/13.3.1/../../../../arm-none-eabi/lib/thumb/v6-m/nofp\libc_nano.a(libc_a-findfp.o)
                              C:/ST/STM32CubeIDE_1.19.0/STM32CubeIDE/plugins/com.st.stm32cube.ide.mcu.externaltools.gnu-tools-for-stm32.13.3.rel1.win32_1.0.0.202411081344/tools/bin/../lib/gcc/arm-none-eabi/13.3.1/../../../../arm-none-eabi/lib/thumb/v6-m/nofp\libc_nano.a(libc_a-exit.o) (__stdio_exit_handler)
C:/ST/STM32CubeIDE_1.19.0/STM32CubeIDE/plugins/com.st.stm32cube.ide.mcu.externaltools.gnu-tools-for-stm32.13.3.rel1.win32_1.0.0.202411081344/tools/bin/../lib/gcc/arm-none-eabi/13.3.1/../../../../arm-none-eabi/lib/thumb/v6-m/nofp\libc_nano.a(libc_a-fwalk.o)
                              C:/ST/STM32CubeIDE_1.19.0/STM32CubeIDE/plugins/com.st.stm32cube.ide.mcu.externaltools.gnu-tools-for-stm32.13.3.rel1.win32_1.0.0.202411081344/tools/bin/../lib/gcc/arm-none-eabi/13.3.1/../../../../arm-none-eabi/lib/thumb/v6-m/nofp\libc_nano.a(libc_a-findfp.o) (_fwalk_sglue)
C:/ST/STM32CubeIDE_1.19.0/STM32CubeIDE/plugins/com.st.stm32cube.ide.mcu.externaltools.gnu-tools-for-stm32.13.3.rel1.win32_1.0.0.202411081344/tools/bin/../lib/gcc/arm-none-eabi/13.3.1/../../../../arm-none-eabi/lib/thumb/v6-m/nofp\libc_nano.a(libc_a-printf.o)
                              ./Core/Src/sd_benchmark.o (printf)
[...]
Memory Configuration

Name             Origin             Length             Attributes
RAM              0x20000000         0x00002000         xrw
FLASH            0x08000000         0x00010000         xr
*default*        0x00000000         0xffffffff

Linker script and memory map

LOAD C:/ST/STM32CubeIDE_1.19.0/STM32CubeIDE/plugins/com.st.stm32cube.ide.mcu.externaltools.gnu-tools-for-stm32.13.3.rel1.win32_1.0.0.202411081344/tools/bin/../lib/gcc/arm-none-eabi/13.3.1/thumb/v6-m/nofp/crti.o
LOAD C:/ST/STM32CubeIDE_1.19.0/STM32CubeIDE/plugins/com.st.stm32cube.ide.mcu.externaltools.gnu-tools-for-stm32.13.3.rel1.win32_1.0.0.202411081344/tools/bin/../lib/gcc/arm-none-eabi/13.3.1/thumb/v6-m/nofp/crtbegin.o
LOAD C:/ST/STM32CubeIDE_1.19.0/STM32CubeIDE/plugins/com.st.stm32cube.ide.mcu.externaltools.gnu-tools-for-stm32.13.3.rel1.win32_1.0.0.202411081344/tools/bin/../lib/gcc/arm-none-eabi/13.3.1/../../../../arm-none-eabi/lib/thumb/v6-m/nofp/crt0.o
LOAD ./Core/Src/main.o
LOAD ./Core/Src/sd_benchmark.o
LOAD ./Core/Src/sd_diskio_spi.o
LOAD ./Core/Src/sd_functions.o
LOAD ./Core/Src/sd_spi.o
LOAD ./Core/Src/stm32f0xx_hal_msp.o
LOAD ./Core/Src/stm32f0xx_it.o
LOAD ./Core/Src/syscalls.o
LOAD ./Core/Src/sysmem.o
LOAD ./Core/Src/system_stm32f0xx.o
LOAD ./Core/Startup/startup_stm32f051r8tx.o
LOAD ./Drivers/STM32F0xx_HAL_Driver/Src/stm32f0xx_hal.o
LOAD ./Drivers/STM32F0xx_HAL_Driver/Src/stm32f0xx_hal_cortex.o
LOAD ./Drivers/STM32F0xx_HAL_Driver/Src/stm32f0xx_hal_dma.o
LOAD ./Drivers/STM32F0xx_HAL_Driver/Src/stm32f0xx_hal_exti.o
LOAD ./Drivers/STM32F0xx_HAL_Driver/Src/stm32f0xx_hal_flash.o
LOAD ./Drivers/STM32F0xx_HAL_Driver/Src/stm32f0xx_hal_flash_ex.o
LOAD ./Drivers/STM32F0xx_HAL_Driver/Src/stm32f0xx_hal_gpio.o
LOAD ./Drivers/STM32F0xx_HAL_Driver/Src/stm32f0xx_hal_i2c.o
LOAD ./Drivers/STM32F0xx_HAL_Driver/Src/stm32f0xx_hal_i2c_ex.o
LOAD ./Drivers/STM32F0xx_HAL_Driver/Src/stm32f0xx_hal_pwr.o
LOAD ./Drivers/STM32F0xx_HAL_Driver/Src/stm32f0xx_hal_pwr_ex.o
LOAD ./Drivers/STM32F0xx_HAL_Driver/Src/stm32f0xx_hal_rcc.o
LOAD ./Drivers/STM32F0xx_HAL_Driver/Src/stm32f0xx_hal_rcc_ex.o
LOAD ./Drivers/STM32F0xx_HAL_Driver/Src/stm32f0xx_hal_spi.o
LOAD ./Drivers/STM32F0xx_HAL_Driver/Src/stm32f0xx_hal_spi_ex.o
LOAD ./Drivers/STM32F0xx_HAL_Driver/Src/stm32f0xx_hal_uart.o
LOAD ./Drivers/STM32F0xx_HAL_Driver/Src/stm32f0xx_hal_uart_ex.o
LOAD ./FATFS/App/fatfs.o
LOAD ./FATFS/Target/user_diskio.o
LOAD ./Middlewares/Third_Party/FatFs/src/diskio.o
LOAD ./Middlewares/Third_Party/FatFs/src/ff.o
LOAD ./Middlewares/Third_Party/FatFs/src/ff_gen_drv.o
LOAD ./Middlewares/Third_Party/FatFs/src/option/ccsbcs.o
LOAD ./Middlewares/Third_Party/FatFs/src/option/syscall.o
START GROUP
LOAD C:/ST/STM32CubeIDE_1.19.0/STM32CubeIDE/plugins/com.st.stm32cube.ide.mcu.externaltools.gnu-tools-for-stm32.13.3.rel1.win32_1.0.0.202411081344/tools/bin/../lib/gcc/arm-none-eabi/13.3.1/../../../../arm-none-eabi/lib/thumb/v6-m/nofp\libc_nano.a
LOAD C:/ST/STM32CubeIDE_1.19.0/STM32CubeIDE/plugins/com.st.stm32cube.ide.mcu.externaltools.gnu-tools-for-stm32.13.3.rel1.win32_1.0.0.202411081344/tools/bin/../lib/gcc/arm-none-eabi/13.3.1/../../../../arm-none-eabi/lib/thumb/v6-m/nofp\libm.a
END GROUP
START GROUP
LOAD C:/ST/STM32CubeIDE_1.19.0/STM32CubeIDE/plugins/com.st.stm32cube.ide.mcu.externaltools.gnu-tools-for-stm32.13.3.rel1.win32_1.0.0.202411081344/tools/bin/../lib/gcc/arm-none-eabi/13.3.1/thumb/v6-m/nofp\libgcc.a
LOAD C:/ST/STM32CubeIDE_1.19.0/STM32CubeIDE/plugins/com.st.stm32cube.ide.mcu.externaltools.gnu-tools-for-stm32.13.3.rel1.win32_1.0.0.202411081344/tools/bin/../lib/gcc/arm-none-eabi/13.3.1/../../../../arm-none-eabi/lib/thumb/v6-m/nofp\libc_nano.a
END GROUP
START GROUP
LOAD C:/ST/STM32CubeIDE_1.19.0/STM32CubeIDE/plugins/com.st.stm32cube.ide.mcu.externaltools.gnu-tools-for-stm32.13.3.rel1.win32_1.0.0.202411081344/tools/bin/../lib/gcc/arm-none-eabi/13.3.1/thumb/v6-m/nofp\libgcc.a
LOAD C:/ST/STM32CubeIDE_1.19.0/STM32CubeIDE/plugins/com.st.stm32cube.ide.mcu.externaltools.gnu-tools-for-stm32.13.3.rel1.win32_1.0.0.202411081344/tools/bin/../lib/gcc/arm-none-eabi/13.3.1/../../../../arm-none-eabi/lib/thumb/v6-m/nofp\libc_nano.a
LOAD C:/ST/STM32CubeIDE_1.19.0/STM32CubeIDE/plugins/com.st.stm32cube.ide.mcu.externaltools.gnu-tools-for-stm32.13.3.rel1.win32_1.0.0.202411081344/tools/bin/../lib/gcc/arm-none-eabi/13.3.1/../../../../arm-none-eabi/lib/thumb/v6-m/nofp\libnosys.a
END GROUP
START GROUP
LOAD C:/ST/STM32CubeIDE_1.19.0/STM32CubeIDE/plugins/com.st.stm32cube.ide.mcu.externaltools.gnu-tools-for-stm32.13.3.rel1.win32_1.0.0.202411081344/tools/bin/../lib/gcc/arm-none-eabi/13.3.1/thumb/v6-m/nofp\libgcc.a
LOAD C:/ST/STM32CubeIDE_1.19.0/STM32CubeIDE/plugins/com.st.stm32cube.ide.mcu.externaltools.gnu-tools-for-stm32.13.3.rel1.win32_1.0.0.202411081344/tools/bin/../lib/gcc/arm-none-eabi/13.3.1/../../../../arm-none-eabi/lib/thumb/v6-m/nofp\libc_nano.a
LOAD C:/ST/STM32CubeIDE_1.19.0/STM32CubeIDE/plugins/com.st.stm32cube.ide.mcu.externaltools.gnu-tools-for-stm32.13.3.rel1.win32_1.0.0.202411081344/tools/bin/../lib/gcc/arm-none-eabi/13.3.1/../../../../arm-none-eabi/lib/thumb/v6-m/nofp\libnosys.a
END GROUP
LOAD C:/ST/STM32CubeIDE_1.19.0/STM32CubeIDE/plugins/com.st.stm32cube.ide.mcu.externaltools.gnu-tools-for-stm32.13.3.rel1.win32_1.0.0.202411081344/tools/bin/../lib/gcc/arm-none-eabi/13.3.1/thumb/v6-m/nofp/crtend.o
LOAD C:/ST/STM32CubeIDE_1.19.0/STM32CubeIDE/plugins/com.st.stm32cube.ide.mcu.externaltools.gnu-tools-for-stm32.13.3.rel1.win32_1.0.0.202411081344/tools/bin/../lib/gcc/arm-none-eabi/13.3.1/thumb/v6-m/nofp/crtn.o
                0x20002000                        _estack = (ORIGIN (RAM) + LENGTH (RAM))
                0x00000200                        _Min_Heap_Size = 0x200
                0x00000400                        _Min_Stack_Size = 0x400

.isr_vector     0x08000000       0xc0
                0x08000000                        . = ALIGN (0x4)
 *(.isr_vector)
 .isr_vector    0x08000000       0xc0 ./Core/Startup/startup_stm32f051r8tx.o
                0x08000000                g_pfnVectors
                0x080000c0                        . = ALIGN (0x4)

.text           0x080000c0     0xa370
                0x080000c0                        . = ALIGN (0x4)
 *(.text)
 .text          0x080000c0       0x48 C:/ST/STM32CubeIDE_1.19.0/STM32CubeIDE/plugins/com.st.stm32cube.ide.mcu.externaltools.gnu-tools-for-stm32.13.3.rel1.win32_1.0.0.202411081344/tools/bin/../lib/gcc/arm-none-eabi/13.3.1/thumb/v6-m/nofp/crtbegin.o
 .text          0x08000108       0x14 C:/ST/STM32CubeIDE_1.19.0/STM32CubeIDE/plugins/com.st.stm32cube.ide.mcu.externaltools.gnu-tools-for-stm32.13.3.rel1.win32_1.0.0.202411081344/tools/bin/../lib/gcc/arm-none-eabi/13.3.1/../../../../arm-none-eabi/lib/thumb/v6-m/nofp\libc_nano.a(libc_a-strcmp.o)
                0x08000108                strcmp
 .text          0x0800011c        0xe C:/ST/STM32CubeIDE_1.19.0/STM32CubeIDE/plugins/com.st.stm32cube.ide.mcu.externaltools.gnu-tools-for-stm32.13.3.rel1.win32_1.0.0.202411081344/tools/bin/../lib/gcc/arm-none-eabi/13.3.1/../../../../arm-none-eabi/lib/thumb/v6-m/nofp\libc_nano.a(libc_a-strlen.o)
                0x0800011c                strlen
 *fill*         0x0800012a        0x2 
 .text          0x0800012c       0x14 C:/ST/STM32CubeIDE_1.19.0/STM32CubeIDE/plugins/com.st.stm32cube.ide.mcu.externaltools.gnu-tools-for-stm32.13.3.rel1.win32_1.0.0.202411081344/tools/bin/../lib/gcc/arm-none-eabi/13.3.1/thumb/v6-m/nofp\libgcc.a(_thumb1_case_shi.o)
                0x0800012c                __gnu_thumb1_case_shi
 .text          0x08000140      0x114 C:/ST/STM32CubeIDE_1.19.0/STM32CubeIDE/plugins/com.st.stm32cube.ide.mcu.externaltools.gnu-tools-for-stm32.13.3.rel1.win32_1.0.0.202411081344/tools/bin/../lib/gcc/arm-none-eabi/13.3.1/thumb/v6-m/nofp\libgcc.a(_udivsi3.o)
                0x08000140                __aeabi_uidiv
                0x08000140                __udivsi3
                0x0800024c                __aeabi_uidivmod
 .text          0x08000254        0x4 C:/ST/STM32CubeIDE_1.19.0/STM32CubeIDE/plugins/com.st.stm32cube.ide.mcu.externaltools.gnu-tools-for-stm32.13.3.rel1.win32_1.0.0.202411081344/tools/bin/../lib/gcc/arm-none-eabi/13.3.1/thumb/v6-m/nofp\libgcc.a(_dvmd_tls.o)
                0x08000254                __aeabi_idiv0
                0x08000254                __aeabi_ldiv0
 *(.text*)
 .text._write   0x08000258       0x38 ./Core/Src/main.o
                0x08000258                _write
 .text.main     0x08000290       0x40 ./Core/Src/main.o
                0x08000290                main
 .text.SystemClock_Config
                0x080002d0       0x90 ./Core/Src/main.o
                0x080002d0                SystemClock_Config
 .text.MX_SPI1_Init
                0x08000360       0x7c ./Core/Src/main.o
 .text.MX_USART2_UART_Init
                0x080003dc       0x60 ./Core/Src/main.o
 .text.MX_DMA_Init
                0x0800043c       0x3c ./Core/Src/main.o
 .text.MX_GPIO_Init
                0x08000478       0x90 ./Core/Src/main.o
 .text.Error_Handler
                0x08000508        0xc ./Core/Src/main.o
                0x08000508                Error_Handler
 .text.SD_disk_status
                0x08000514       0x22 ./Core/Src/sd_diskio_spi.o
                0x08000514                SD_disk_status
 .text.SD_disk_initialize
                0x08000536       0x2c ./Core/Src/sd_diskio_spi.o
                0x08000536                SD_disk_initialize
 *fill*         0x08000562        0x2 
 .text.SD_disk_read
                0x08000564       0x54 ./Core/Src/sd_diskio_spi.o
                0x08000564                SD_disk_read
 .text.SD_disk_write
                0x080005b8       0x54 ./Core/Src/sd_diskio_spi.o
                0x080005b8                SD_disk_write
 .text.SD_disk_ioctl
                0x0800060c       0x6a ./Core/Src/sd_diskio_spi.o
                0x0800060c                SD_disk_ioctl
 *fill*         0x08000676        0x2 
 .text.sd_format
                0x08000678       0x54 ./Core/Src/sd_functions.o
                0x08000678                sd_format
 .text.sd_get_space_kb
                0x080006cc       0x7c ./Core/Src/sd_functions.o
                0x080006cc                sd_get_space_kb
 .text.sd_mount
                0x08000748      0x190 ./Core/Src/sd_functions.o
                0x08000748                sd_mount
 .text.sd_unmount
                0x080008d8       0x4c ./Core/Src/sd_functions.o
                0x080008d8                sd_unmount
 .text.sd_write_file
                0x08000924       0x9c ./Core/Src/sd_functions.o
                0x08000924                sd_write_file
 .text.sd_list_directory_recursive
                0x080009c0      0x188 ./Core/Src/sd_functions.o
                0x080009c0                sd_list_directory_recursive
 .text.sd_list_files
                0x08000b48       0x30 ./Core/Src/sd_functions.o
                0x08000b48                sd_list_files
 .text.HAL_SPI_TxCpltCallback
                0x08000b78       0x28 ./Core/Src/sd_spi.o
                0x08000b78                HAL_SPI_TxCpltCallback
 .text.HAL_SPI_TxRxCpltCallback
                0x08000ba0       0x28 ./Core/Src/sd_spi.o
                0x08000ba0                HAL_SPI_TxRxCpltCallback
 .text.SD_TransmitByte
                0x08000bc8       0x28 ./Core/Src/sd_spi.o
 .text.SD_ReceiveByte
                0x08000bf0       0x34 ./Core/Src/sd_spi.o
 .text.SD_TransmitBuffer
                0x08000c24       0x40 ./Core/Src/sd_spi.o
 .text.SD_ReceiveBuffer
                0x08000c64       0x64 ./Core/Src/sd_spi.o
 .text.SD_WaitReady
                0x08000cc8       0x3e ./Core/Src/sd_spi.o
 .text.SD_SendCommand
                0x08000d06       0xa2 ./Core/Src/sd_spi.o
 .text.sd_is_sdhc
                0x08000da8       0x14 ./Core/Src/sd_spi.o
                0x08000da8                sd_is_sdhc
 .text.SD_SPI_Init
                0x08000dbc      0x264 ./Core/Src/sd_spi.o
                0x08000dbc                SD_SPI_Init
 .text.SD_ReadBlocks
                0x08001020       0xec ./Core/Src/sd_spi.o
                0x08001020                SD_ReadBlocks
 .text.SD_ReadMultiBlocks
                0x0800110c       0xf8 ./Core/Src/sd_spi.o
                0x0800110c                SD_ReadMultiBlocks
 .text.SD_WriteBlocks
                0x08001204       0xe0 ./Core/Src/sd_spi.o
                0x08001204                SD_WriteBlocks
 .text.SD_WriteMultiBlocks
                0x080012e4       0xf0 ./Core/Src/sd_spi.o
                0x080012e4                SD_WriteMultiBlocks
 .text.HAL_MspInit
                0x080013d4       0x48 ./Core/Src/stm32f0xx_hal_msp.o
                0x080013d4                HAL_MspInit
 .text.HAL_SPI_MspInit
                0x0800141c      0x144 ./Core/Src/stm32f0xx_hal_msp.o
                0x0800141c                HAL_SPI_MspInit
 .text.HAL_UART_MspInit
                0x08001560       0x98 ./Core/Src/stm32f0xx_hal_msp.o
                0x08001560                HAL_UART_MspInit
 .text.NMI_Handler
                0x080015f8        0x8 ./Core/Src/stm32f0xx_it.o
                0x080015f8                NMI_Handler
 .text.HardFault_Handler
                0x08001600        0x8 ./Core/Src/stm32f0xx_it.o
                0x08001600                HardFault_Handler
 .text.SVC_Handler
                0x08001608        0xa ./Core/Src/stm32f0xx_it.o
                0x08001608                SVC_Handler
 .text.PendSV_Handler
                0x08001612        0xa ./Core/Src/stm32f0xx_it.o
                0x08001612                PendSV_Handler
 .text.SysTick_Handler
                0x0800161c        0xe ./Core/Src/stm32f0xx_it.o
                0x0800161c                SysTick_Handler
 *fill*         0x0800162a        0x2 
 .text.DMA1_Channel2_3_IRQHandler
                0x0800162c       0x24 ./Core/Src/stm32f0xx_it.o
                0x0800162c                DMA1_Channel2_3_IRQHandler
 .text._read    0x08001650       0x3a ./Core/Src/syscalls.o
                0x08001650                _read
 .text._close   0x0800168a       0x14 ./Core/Src/syscalls.o
                0x0800168a                _close
 .text._fstat   0x0800169e       0x1c ./Core/Src/syscalls.o
                0x0800169e                _fstat
 .text._isatty  0x080016ba       0x12 ./Core/Src/syscalls.o
                0x080016ba                _isatty
 .text._lseek   0x080016cc       0x16 ./Core/Src/syscalls.o
                0x080016cc                _lseek
 *fill*         0x080016e2        0x2 
 .text._sbrk    0x080016e4       0x6c ./Core/Src/sysmem.o
                0x080016e4                _sbrk
 .text.SystemInit
                0x08001750        0xa ./Core/Src/system_stm32f0xx.o
                0x08001750                SystemInit
 *fill*         0x0800175a        0x2 
 .text.Reset_Handler
                0x0800175c       0x50 ./Core/Startup/startup_stm32f051r8tx.o
                0x0800175c                Reset_Handler
 .text.Default_Handler
                0x080017ac        0x2 ./Core/Startup/startup_stm32f051r8tx.o
                0x080017ac                TIM1_CC_IRQHandler
                0x080017ac                TSC_IRQHandler
                0x080017ac                ADC1_COMP_IRQHandler
                0x080017ac                PVD_IRQHandler
                0x080017ac                I2C1_IRQHandler
                0x080017ac                RCC_CRS_IRQHandler
                0x080017ac                SPI1_IRQHandler
                0x080017ac                TIM6_DAC_IRQHandler
                0x080017ac                EXTI2_3_IRQHandler
                0x080017ac                I2C2_IRQHandler
                0x080017ac                TIM17_IRQHandler
                0x080017ac                CEC_CAN_IRQHandler
                0x080017ac                RTC_IRQHandler
                0x080017ac                TIM16_IRQHandler
                0x080017ac                TIM3_IRQHandler
                0x080017ac                EXTI4_15_IRQHandler
                0x080017ac                DMA1_Channel1_IRQHandler
                0x080017ac                Default_Handler
                0x080017ac                TIM14_IRQHandler
                0x080017ac                DMA1_Channel4_5_IRQHandler
                0x080017ac                TIM15_IRQHandler
                0x080017ac                EXTI0_1_IRQHandler
                0x080017ac                SPI2_IRQHandler
                0x080017ac                WWDG_IRQHandler
                0x080017ac                TIM2_IRQHandler
                0x080017ac                USART2_IRQHandler
                0x080017ac                FLASH_IRQHandler
                0x080017ac                USART1_IRQHandler
                0x080017ac                TIM1_BRK_UP_TRG_COM_IRQHandler
 *fill*         0x080017ae        0x2 
 .text.HAL_Init
                0x080017b0       0x28 ./Drivers/STM32F0xx_HAL_Driver/Src/stm32f0xx_hal.o
                0x080017b0                HAL_Init
 .text.HAL_InitTick
                0x080017d8       0x68 ./Drivers/STM32F0xx_HAL_Driver/Src/stm32f0xx_hal.o
                0x080017d8                HAL_InitTick
 .text.HAL_IncTick
                0x08001840       0x24 ./Drivers/STM32F0xx_HAL_Driver/Src/stm32f0xx_hal.o
                0x08001840                HAL_IncTick
 .text.HAL_GetTick
                0x08001864       0x14 ./Drivers/STM32F0xx_HAL_Driver/Src/stm32f0xx_hal.o
                0x08001864                HAL_GetTick
 .text.__NVIC_EnableIRQ
                0x08001878       0x34 ./Drivers/STM32F0xx_HAL_Driver/Src/stm32f0xx_hal_cortex.o
 .text.__NVIC_SetPriority
                0x080018ac       0xdc ./Drivers/STM32F0xx_HAL_Driver/Src/stm32f0xx_hal_cortex.o
 .text.SysTick_Config
                0x08001988       0x48 ./Drivers/STM32F0xx_HAL_Driver/Src/stm32f0xx_hal_cortex.o
 .text.HAL_NVIC_SetPriority
                0x080019d0       0x2a ./Drivers/STM32F0xx_HAL_Driver/Src/stm32f0xx_hal_cortex.o
                0x080019d0                HAL_NVIC_SetPriority
 .text.HAL_NVIC_EnableIRQ
                0x080019fa       0x20 ./Drivers/STM32F0xx_HAL_Driver/Src/stm32f0xx_hal_cortex.o
                0x080019fa                HAL_NVIC_EnableIRQ
 .text.HAL_SYSTICK_Config
                0x08001a1a       0x1a ./Drivers/STM32F0xx_HAL_Driver/Src/stm32f0xx_hal_cortex.o
                0x08001a1a                HAL_SYSTICK_Config
 .text.HAL_DMA_Init
                0x08001a34       0x90 ./Drivers/STM32F0xx_HAL_Driver/Src/stm32f0xx_hal_dma.o
                0x08001a34                HAL_DMA_Init
 .text.HAL_DMA_Start_IT
                0x08001ac4       0xcc ./Drivers/STM32F0xx_HAL_Driver/Src/stm32f0xx_hal_dma.o
                0x08001ac4                HAL_DMA_Start_IT
 .text.HAL_DMA_IRQHandler
                0x08001b90      0x144 ./Drivers/STM32F0xx_HAL_Driver/Src/stm32f0xx_hal_dma.o
                0x08001b90                HAL_DMA_IRQHandler
 .text.DMA_SetConfig
                0x08001cd4       0x58 ./Drivers/STM32F0xx_HAL_Driver/Src/stm32f0xx_hal_dma.o
 .text.DMA_CalcBaseAndBitshift
                0x08001d2c       0x38 ./Drivers/STM32F0xx_HAL_Driver/Src/stm32f0xx_hal_dma.o
 .text.HAL_GPIO_Init
                0x08001d64      0x2e0 ./Drivers/STM32F0xx_HAL_Driver/Src/stm32f0xx_hal_gpio.o
                0x08001d64                HAL_GPIO_Init
 .text.HAL_GPIO_WritePin
                0x08002044       0x3a ./Drivers/STM32F0xx_HAL_Driver/Src/stm32f0xx_hal_gpio.o
                0x08002044                HAL_GPIO_WritePin
 *fill*         0x0800207e        0x2 
 .text.HAL_RCC_OscConfig
                0x08002080      0x634 ./Drivers/STM32F0xx_HAL_Driver/Src/stm32f0xx_hal_rcc.o
                0x08002080                HAL_RCC_OscConfig
 .text.HAL_RCC_ClockConfig
                0x080026b4      0x19c ./Drivers/STM32F0xx_HAL_Driver/Src/stm32f0xx_hal_rcc.o
                0x080026b4                HAL_RCC_ClockConfig
 .text.HAL_RCC_GetSysClockFreq
                0x08002850       0xac ./Drivers/STM32F0xx_HAL_Driver/Src/stm32f0xx_hal_rcc.o
                0x08002850                HAL_RCC_GetSysClockFreq
 .text.HAL_RCC_GetHCLKFreq
                0x080028fc       0x14 ./Drivers/STM32F0xx_HAL_Driver/Src/stm32f0xx_hal_rcc.o
                0x080028fc                HAL_RCC_GetHCLKFreq
 .text.HAL_RCC_GetPCLK1Freq
                0x08002910       0x2c ./Drivers/STM32F0xx_HAL_Driver/Src/stm32f0xx_hal_rcc.o
                0x08002910                HAL_RCC_GetPCLK1Freq
 .text.HAL_SPI_Init
                0x0800293c      0x170 ./Drivers/STM32F0xx_HAL_Driver/Src/stm32f0xx_hal_spi.o
                0x0800293c                HAL_SPI_Init
 .text.HAL_SPI_Transmit
                0x08002aac      0x2be ./Drivers/STM32F0xx_HAL_Driver/Src/stm32f0xx_hal_spi.o
                0x08002aac                HAL_SPI_Transmit
 *fill*         0x08002d6a        0x2 
 .text.HAL_SPI_TransmitReceive
                0x08002d6c      0x3c4 ./Drivers/STM32F0xx_HAL_Driver/Src/stm32f0xx_hal_spi.o
                0x08002d6c                HAL_SPI_TransmitReceive
 .text.HAL_SPI_Transmit_DMA
                0x08003130      0x204 ./Drivers/STM32F0xx_HAL_Driver/Src/stm32f0xx_hal_spi.o
                0x08003130                HAL_SPI_Transmit_DMA
 .text.HAL_SPI_TransmitReceive_DMA
                0x08003334      0x378 ./Drivers/STM32F0xx_HAL_Driver/Src/stm32f0xx_hal_spi.o
                0x08003334                HAL_SPI_TransmitReceive_DMA
 .text.HAL_SPI_RxCpltCallback
                0x080036ac       0x10 ./Drivers/STM32F0xx_HAL_Driver/Src/stm32f0xx_hal_spi.o
                0x080036ac                HAL_SPI_RxCpltCallback
 .text.HAL_SPI_TxHalfCpltCallback
                0x080036bc       0x10 ./Drivers/STM32F0xx_HAL_Driver/Src/stm32f0xx_hal_spi.o
                0x080036bc                HAL_SPI_TxHalfCpltCallback
 .text.HAL_SPI_RxHalfCpltCallback
                0x080036cc       0x10 ./Drivers/STM32F0xx_HAL_Driver/Src/stm32f0xx_hal_spi.o
                0x080036cc                HAL_SPI_RxHalfCpltCallback
 .text.HAL_SPI_TxRxHalfCpltCallback
                0x080036dc       0x10 ./Drivers/STM32F0xx_HAL_Driver/Src/stm32f0xx_hal_spi.o
                0x080036dc                HAL_SPI_TxRxHalfCpltCallback
 .text.HAL_SPI_ErrorCallback
                0x080036ec       0x10 ./Drivers/STM32F0xx_HAL_Driver/Src/stm32f0xx_hal_spi.o
                0x080036ec                HAL_SPI_ErrorCallback
 .text.SPI_DMATransmitCplt
                0x080036fc       0xac ./Drivers/STM32F0xx_HAL_Driver/Src/stm32f0xx_hal_spi.o
 .text.SPI_DMAReceiveCplt
                0x080037a8       0xb0 ./Drivers/STM32F0xx_HAL_Driver/Src/stm32f0xx_hal_spi.o
 .text.SPI_DMATransmitReceiveCplt
                0x08003858       0x96 ./Drivers/STM32F0xx_HAL_Driver/Src/stm32f0xx_hal_spi.o
 .text.SPI_DMAHalfTransmitCplt
                0x080038ee       0x1e ./Drivers/STM32F0xx_HAL_Driver/Src/stm32f0xx_hal_spi.o
 .text.SPI_DMAHalfReceiveCplt
                0x0800390c       0x1e ./Drivers/STM32F0xx_HAL_Driver/Src/stm32f0xx_hal_spi.o
 .text.SPI_DMAHalfTransmitReceiveCplt
                0x0800392a       0x1e ./Drivers/STM32F0xx_HAL_Driver/Src/stm32f0xx_hal_spi.o
 .text.SPI_DMAError
                0x08003948       0x42 ./Drivers/STM32F0xx_HAL_Driver/Src/stm32f0xx_hal_spi.o
 *fill*         0x0800398a        0x2 
 .text.SPI_WaitFlagStateUntilTimeout
                0x0800398c      0x11c ./Drivers/STM32F0xx_HAL_Driver/Src/stm32f0xx_hal_spi.o
 .text.SPI_WaitFifoStateUntilTimeout
                0x08003aa8      0x144 ./Drivers/STM32F0xx_HAL_Driver/Src/stm32f0xx_hal_spi.o
 .text.SPI_EndRxTransaction
                0x08003bec       0xbc ./Drivers/STM32F0xx_HAL_Driver/Src/stm32f0xx_hal_spi.o
 .text.SPI_EndRxTxTransaction
                0x08003ca8       0x8c ./Drivers/STM32F0xx_HAL_Driver/Src/stm32f0xx_hal_spi.o
 .text.HAL_UART_Init
                0x08003d34       0xa8 ./Drivers/STM32F0xx_HAL_Driver/Src/stm32f0xx_hal_uart.o
                0x08003d34                HAL_UART_Init
 .text.HAL_UART_Transmit
                0x08003ddc      0x13e ./Drivers/STM32F0xx_HAL_Driver/Src/stm32f0xx_hal_uart.o
                0x08003ddc                HAL_UART_Transmit
 *fill*         0x08003f1a        0x2 
 .text.UART_SetConfig
                0x08003f1c      0x280 ./Drivers/STM32F0xx_HAL_Driver/Src/stm32f0xx_hal_uart.o
                0x08003f1c                UART_SetConfig
 .text.UART_AdvFeatureConfig
                0x0800419c      0x168 ./Drivers/STM32F0xx_HAL_Driver/Src/stm32f0xx_hal_uart.o
                0x0800419c                UART_AdvFeatureConfig
 .text.UART_CheckIdleState
                0x08004304      0x150 ./Drivers/STM32F0xx_HAL_Driver/Src/stm32f0xx_hal_uart.o
                0x08004304                UART_CheckIdleState
 .text.UART_WaitOnFlagUntilTimeout
                0x08004454       0xde ./Drivers/STM32F0xx_HAL_Driver/Src/stm32f0xx_hal_uart.o
                0x08004454                UART_WaitOnFlagUntilTimeout
 *fill*         0x08004532        0x2 
 .text.UART_EndRxTransfer
                0x08004534       0xc8 ./Drivers/STM32F0xx_HAL_Driver/Src/stm32f0xx_hal_uart.o
 .text.get_fattime
                0x080045fc        0xc ./FATFS/App/fatfs.o
                0x080045fc                get_fattime
 .text.disk_status
                0x08004608       0x44 ./Middlewares/Third_Party/FatFs/src/diskio.o
                0x08004608                disk_status
 .text.disk_initialize
                0x0800464c       0x60 ./Middlewares/Third_Party/FatFs/src/diskio.o
                0x0800464c                disk_initialize
 .text.disk_read
                0x080046ac       0x50 ./Middlewares/Third_Party/FatFs/src/diskio.o
                0x080046ac                disk_read
 .text.disk_write
                0x080046fc       0x50 ./Middlewares/Third_Party/FatFs/src/diskio.o
                0x080046fc                disk_write
 .text.disk_ioctl
                0x0800474c       0x50 ./Middlewares/Third_Party/FatFs/src/diskio.o
                0x0800474c                disk_ioctl
 .text.mem_cpy  0x0800479c       0x3a ./Middlewares/Third_Party/FatFs/src/ff.o
 .text.mem_set  0x080047d6       0x32 ./Middlewares/Third_Party/FatFs/src/ff.o
 .text.mem_cmp  0x08004808       0x4a ./Middlewares/Third_Party/FatFs/src/ff.o
 .text.chk_chr  0x08004852       0x32 ./Middlewares/Third_Party/FatFs/src/ff.o
 .text.chk_lock
                0x08004884       0xdc ./Middlewares/Third_Party/FatFs/src/ff.o
 .text.enq_lock
                0x08004960       0x40 ./Middlewares/Third_Party/FatFs/src/ff.o
 .text.inc_lock
                0x080049a0      0x170 ./Middlewares/Third_Party/FatFs/src/ff.o
 .text.dec_lock
                0x08004b10       0xa8 ./Middlewares/Third_Party/FatFs/src/ff.o
 .text.clear_lock
                0x08004bb8       0x4c ./Middlewares/Third_Party/FatFs/src/ff.o
 .text.sync_window
                0x08004c04       0xb0 ./Middlewares/Third_Party/FatFs/src/ff.o
 .text.move_window
                0x08004cb4       0x78 ./Middlewares/Third_Party/FatFs/src/ff.o
 .text.sync_fs  0x08004d2c      0x1a8 ./Middlewares/Third_Party/FatFs/src/ff.o
 .text.clust2sect
                0x08004ed4       0x48 ./Middlewares/Third_Party/FatFs/src/ff.o
                0x08004ed4                clust2sect
 .text.get_fat  0x08004f1c      0x184 ./Middlewares/Third_Party/FatFs/src/ff.o
                0x08004f1c                get_fat
 .text.put_fat  0x080050a0      0x25c ./Middlewares/Third_Party/FatFs/src/ff.o
                0x080050a0                put_fat
 .text.remove_chain
                0x080052fc       0xe0 ./Middlewares/Third_Party/FatFs/src/ff.o
 .text.create_chain
                0x080053dc      0x16c ./Middlewares/Third_Party/FatFs/src/ff.o
 .text.clmt_clust
                0x08005548       0x74 ./Middlewares/Third_Party/FatFs/src/ff.o
 .text.dir_sdi  0x080055bc      0x160 ./Middlewares/Third_Party/FatFs/src/ff.o
 .text.dir_next
                0x0800571c      0x234 ./Middlewares/Third_Party/FatFs/src/ff.o
 .text.dir_alloc
                0x08005950       0xba ./Middlewares/Third_Party/FatFs/src/ff.o
 .text.ld_clust
                0x08005a0a       0x5e ./Middlewares/Third_Party/FatFs/src/ff.o
 .text.st_clust
                0x08005a68       0x4a ./Middlewares/Third_Party/FatFs/src/ff.o
 *fill*         0x08005ab2        0x2 
 .text.cmp_lfn  0x08005ab4       0xfc ./Middlewares/Third_Party/FatFs/src/ff.o
 .text.pick_lfn
                0x08005bb0       0xe4 ./Middlewares/Third_Party/FatFs/src/ff.o
 .text.fit_lfn  0x08005c94      0x108 ./Middlewares/Third_Party/FatFs/src/ff.o
 .text.gen_numname
                0x08005d9c      0x128 ./Middlewares/Third_Party/FatFs/src/ff.o
 .text.sum_sfn  0x08005ec4       0x4a ./Middlewares/Third_Party/FatFs/src/ff.o
 *fill*         0x08005f0e        0x2 
 .text.dir_find
                0x08005f10      0x20c ./Middlewares/Third_Party/FatFs/src/ff.o
 .text.dir_read
                0x0800611c      0x1cc ./Middlewares/Third_Party/FatFs/src/ff.o
 .text.dir_register
                0x080062e8      0x274 ./Middlewares/Third_Party/FatFs/src/ff.o
 .text.get_fileinfo
                0x0800655c      0x1dc ./Middlewares/Third_Party/FatFs/src/ff.o
 .text.create_name
                0x08006738      0x410 ./Middlewares/Third_Party/FatFs/src/ff.o
 .text.follow_path
                0x08006b48      0x110 ./Middlewares/Third_Party/FatFs/src/ff.o
 .text.get_ldnumber
                0x08006c58       0x84 ./Middlewares/Third_Party/FatFs/src/ff.o
 .text.check_fs
                0x08006cdc       0xe0 ./Middlewares/Third_Party/FatFs/src/ff.o
 .text.find_volume
                0x08006dbc      0x648 ./Middlewares/Third_Party/FatFs/src/ff.o
 .text.validate
                0x08007404       0x7c ./Middlewares/Third_Party/FatFs/src/ff.o
 .text.f_mount  0x08007480       0xa0 ./Middlewares/Third_Party/FatFs/src/ff.o
                0x08007480                f_mount
 .text.f_open   0x08007520      0x550 ./Middlewares/Third_Party/FatFs/src/ff.o
                0x08007520                f_open
 .text.f_write  0x08007a70      0x3d0 ./Middlewares/Third_Party/FatFs/src/ff.o
                0x08007a70                f_write
 .text.f_sync   0x08007e40      0x1ac ./Middlewares/Third_Party/FatFs/src/ff.o
                0x08007e40                f_sync
 .text.f_close  0x08007fec       0x6e ./Middlewares/Third_Party/FatFs/src/ff.o
                0x08007fec                f_close
 *fill*         0x0800805a        0x2 
 .text.f_opendir
                0x0800805c      0x17c ./Middlewares/Third_Party/FatFs/src/ff.o
                0x0800805c                f_opendir
 .text.f_closedir
                0x080081d8       0x64 ./Middlewares/Third_Party/FatFs/src/ff.o
                0x080081d8                f_closedir
 .text.f_readdir
                0x0800823c       0xec ./Middlewares/Third_Party/FatFs/src/ff.o
                0x0800823c                f_readdir
 .text.f_getfree
                0x08008328      0x1c8 ./Middlewares/Third_Party/FatFs/src/ff.o
                0x08008328                f_getfree
 .text.f_mkfs   0x080084f0      0x9b4 ./Middlewares/Third_Party/FatFs/src/ff.o
                0x080084f0                f_mkfs
 .text.FATFS_LinkDriverEx
                0x08008ea4       0xa8 ./Middlewares/Third_Party/FatFs/src/ff_gen_drv.o
                0x08008ea4                FATFS_LinkDriverEx
 .text.FATFS_LinkDriver
                0x08008f4c       0x20 ./Middlewares/Third_Party/FatFs/src/ff_gen_drv.o
                0x08008f4c                FATFS_LinkDriver
 .text.ff_convert
                0x08008f6c       0xa4 ./Middlewares/Third_Party/FatFs/src/option/ccsbcs.o
                0x08008f6c                ff_convert
 .text.ff_wtoupper
                0x08009010       0x60 ./Middlewares/Third_Party/FatFs/src/option/ccsbcs.o
                0x08009010                ff_wtoupper
 .text.ff_memalloc
                0x08009070       0x1a ./Middlewares/Third_Party/FatFs/src/option/syscall.o
                0x08009070                ff_memalloc
 .text.ff_memfree
                0x0800908a       0x18 ./Middlewares/Third_Party/FatFs/src/option/syscall.o
                0x0800908a                ff_memfree
 *fill*         0x080090a2        0x2 
 .text.malloc   0x080090a4       0x14 C:/ST/STM32CubeIDE_1.19.0/STM32CubeIDE/plugins/com.st.stm32cube.ide.mcu.externaltools.gnu-tools-for-stm32.13.3.rel1.win32_1.0.0.202411081344/tools/bin/../lib/gcc/arm-none-eabi/13.3.1/../../../../arm-none-eabi/lib/thumb/v6-m/nofp\libc_nano.a(libc_a-malloc.o)
                0x080090a4                malloc
 .text.free     0x080090b8       0x14 C:/ST/STM32CubeIDE_1.19.0/STM32CubeIDE/plugins/com.st.stm32cube.ide.mcu.externaltools.gnu-tools-for-stm32.13.3.rel1.win32_1.0.0.202411081344/tools/bin/../lib/gcc/arm-none-eabi/13.3.1/../../../../arm-none-eabi/lib/thumb/v6-m/nofp\libc_nano.a(libc_a-malloc.o)
                0x080090b8                free
 .text.sbrk_aligned
                0x080090cc       0x44 C:/ST/STM32CubeIDE_1.19.0/STM32CubeIDE/plugins/com.st.stm32cube.ide.mcu.externaltools.gnu-tools-for-stm32.13.3.rel1.win32_1.0.0.202411081344/tools/bin/../lib/gcc/arm-none-eabi/13.3.1/../../../../arm-none-eabi/lib/thumb/v6-m/nofp\libc_nano.a(libc_a-mallocr.o)
 .text._malloc_r
                0x08009110      0x100 C:/ST/STM32CubeIDE_1.19.0/STM32CubeIDE/plugins/com.st.stm32cube.ide.mcu.externaltools.gnu-tools-for-stm32.13.3.rel1.win32_1.0.0.202411081344/tools/bin/../lib/gcc/arm-none-eabi/13.3.1/../../../../arm-none-eabi/lib/thumb/v6-m/nofp\libc_nano.a(libc_a-mallocr.o)
                0x08009110                _malloc_r
 .text.__malloc_lock
                0x08009210       0x10 C:/ST/STM32CubeIDE_1.19.0/STM32CubeIDE/plugins/com.st.stm32cube.ide.mcu.externaltools.gnu-tools-for-stm32.13.3.rel1.win32_1.0.0.202411081344/tools/bin/../lib/gcc/arm-none-eabi/13.3.1/../../../../arm-none-eabi/lib/thumb/v6-m/nofp\libc_nano.a(libc_a-mlock.o)
                0x08009210                __malloc_lock
 .text.__malloc_unlock
                0x08009220       0x10 C:/ST/STM32CubeIDE_1.19.0/STM32CubeIDE/plugins/com.st.stm32cube.ide.mcu.externaltools.gnu-tools-for-stm32.13.3.rel1.win32_1.0.0.202411081344/tools/bin/../lib/gcc/arm-none-eabi/13.3.1/../../../../arm-none-eabi/lib/thumb/v6-m/nofp\libc_nano.a(libc_a-mlock.o)
                0x08009220                __malloc_unlock
 .text.std      0x08009230       0x6c C:/ST/STM32CubeIDE_1.19.0/STM32CubeIDE/plugins/com.st.stm32cube.ide.mcu.externaltools.gnu-tools-for-stm32.13.3.rel1.win32_1.0.0.202411081344/tools/bin/../lib/gcc/arm-none-eabi/13.3.1/../../../../arm-none-eabi/lib/thumb/v6-m/nofp\libc_nano.a(libc_a-findfp.o)
 .text.stdio_exit_handler
                0x0800929c       0x1c C:/ST/STM32CubeIDE_1.19.0/STM32CubeIDE/plugins/com.st.stm32cube.ide.mcu.externaltools.gnu-tools-for-stm32.13.3.rel1.win32_1.0.0.202411081344/tools/bin/../lib/gcc/arm-none-eabi/13.3.1/../../../../arm-none-eabi/lib/thumb/v6-m/nofp\libc_nano.a(libc_a-findfp.o)
 .text.cleanup_stdio
                0x080092b8       0x3c C:/ST/STM32CubeIDE_1.19.0/STM32CubeIDE/plugins/com.st.stm32cube.ide.mcu.externaltools.gnu-tools-for-stm32.13.3.rel1.win32_1.0.0.202411081344/tools/bin/../lib/gcc/arm-none-eabi/13.3.1/../../../../arm-none-eabi/lib/thumb/v6-m/nofp\libc_nano.a(libc_a-findfp.o)
 .text.global_stdio_init.part.0
                0x080092f4       0x3c C:/ST/STM32CubeIDE_1.19.0/STM32CubeIDE/plugins/com.st.stm32cube.ide.mcu.externaltools.gnu-tools-for-stm32.13.3.rel1.win32_1.0.0.202411081344/tools/bin/../lib/gcc/arm-none-eabi/13.3.1/../../../../arm-none-eabi/lib/thumb/v6-m/nofp\libc_nano.a(libc_a-findfp.o)
 .text.__sfp_lock_acquire
                0x08009330       0x10 C:/ST/STM32CubeIDE_1.19.0/STM32CubeIDE/plugins/com.st.stm32cube.ide.mcu.externaltools.gnu-tools-for-stm32.13.3.rel1.win32_1.0.0.202411081344/tools/bin/../lib/gcc/arm-none-eabi/13.3.1/../../../../arm-none-eabi/lib/thumb/v6-m/nofp\libc_nano.a(libc_a-findfp.o)
                0x08009330                __sfp_lock_acquire
 .text.__sfp_lock_release
                0x08009340       0x10 C:/ST/STM32CubeIDE_1.19.0/STM32CubeIDE/plugins/com.st.stm32cube.ide.mcu.externaltools.gnu-tools-for-stm32.13.3.rel1.win32_1.0.0.202411081344/tools/bin/../lib/gcc/arm-none-eabi/13.3.1/../../../../arm-none-eabi/lib/thumb/v6-m/nofp\libc_nano.a(libc_a-findfp.o)
                0x08009340                __sfp_lock_release
 .text.__sinit  0x08009350       0x30 C:/ST/STM32CubeIDE_1.19.0/STM32CubeIDE/plugins/com.st.stm32cube.ide.mcu.externaltools.gnu-tools-for-stm32.13.3.rel1.win32_1.0.0.202411081344/tools/bin/../lib/gcc/arm-none-eabi/13.3.1/../../../../arm-none-eabi/lib/thumb/v6-m/nofp\libc_nano.a(libc_a-findfp.o)
                0x08009350                __sinit
 .text._fwalk_sglue
                0x08009380       0x38 C:/ST/STM32CubeIDE_1.19.0/STM32CubeIDE/plugins/com.st.stm32cube.ide.mcu.externaltools.gnu-tools-for-stm32.13.3.rel1.win32_1.0.0.202411081344/tools/bin/../lib/gcc/arm-none-eabi/13.3.1/../../../../arm-none-eabi/lib/thumb/v6-m/nofp\libc_nano.a(libc_a-fwalk.o)
                0x08009380                _fwalk_sglue
 .text.printf   0x080093b8       0x20 C:/ST/STM32CubeIDE_1.19.0/STM32CubeIDE/plugins/com.st.stm32cube.ide.mcu.externaltools.gnu-tools-for-stm32.13.3.rel1.win32_1.0.0.202411081344/tools/bin/../lib/gcc/arm-none-eabi/13.3.1/../../../../arm-none-eabi/lib/thumb/v6-m/nofp\libc_nano.a(libc_a-printf.o)
                0x080093b8                iprintf
                0x080093b8                printf
 .text._puts_r  0x080093d8       0xac C:/ST/STM32CubeIDE_1.19.0/STM32CubeIDE/plugins/com.st.stm32cube.ide.mcu.externaltools.gnu-tools-for-stm32.13.3.rel1.win32_1.0.0.202411081344/tools/bin/../lib/gcc/arm-none-eabi/13.3.1/../../../../arm-none-eabi/lib/thumb/v6-m/nofp\libc_nano.a(libc_a-puts.o)
                0x080093d8                _puts_r
 .text.puts     0x08009484       0x14 C:/ST/STM32CubeIDE_1.19.0/STM32CubeIDE/plugins/com.st.stm32cube.ide.mcu.externaltools.gnu-tools-for-stm32.13.3.rel1.win32_1.0.0.202411081344/tools/bin/../lib/gcc/arm-none-eabi/13.3.1/../../../../arm-none-eabi/lib/thumb/v6-m/nofp\libc_nano.a(libc_a-puts.o)
                0x08009484                puts
 .text.snprintf
                0x08009498       0x6c C:/ST/STM32CubeIDE_1.19.0/STM32CubeIDE/plugins/com.st.stm32cube.ide.mcu.externaltools.gnu-tools-for-stm32.13.3.rel1.win32_1.0.0.202411081344/tools/bin/../lib/gcc/arm-none-eabi/13.3.1/../../../../arm-none-eabi/lib/thumb/v6-m/nofp\libc_nano.a(libc_a-snprintf.o)
                0x08009498                sniprintf
                0x08009498                snprintf
 .text.__sread  0x08009504       0x28 C:/ST/STM32CubeIDE_1.19.0/STM32CubeIDE/plugins/com.st.stm32cube.ide.mcu.externaltools.gnu-tools-for-stm32.13.3.rel1.win32_1.0.0.202411081344/tools/bin/../lib/gcc/arm-none-eabi/13.3.1/../../../../arm-none-eabi/lib/thumb/v6-m/nofp\libc_nano.a(libc_a-stdio.o)
                0x08009504                __sread
 .text.__swrite
                0x0800952c       0x38 C:/ST/STM32CubeIDE_1.19.0/STM32CubeIDE/plugins/com.st.stm32cube.ide.mcu.externaltools.gnu-tools-for-stm32.13.3.rel1.win32_1.0.0.202411081344/tools/bin/../lib/gcc/arm-none-eabi/13.3.1/../../../../arm-none-eabi/lib/thumb/v6-m/nofp\libc_nano.a(libc_a-stdio.o)
                0x0800952c                __swrite
 .text.__sseek  0x08009564       0x2c C:/ST/STM32CubeIDE_1.19.0/STM32CubeIDE/plugins/com.st.stm32cube.ide.mcu.externaltools.gnu-tools-for-stm32.13.3.rel1.win32_1.0.0.202411081344/tools/bin/../lib/gcc/arm-none-eabi/13.3.1/../../../../arm-none-eabi/lib/thumb/v6-m/nofp\libc_nano.a(libc_a-stdio.o)
                0x08009564                __sseek
 .text.__sclose
                0x08009590        0xc C:/ST/STM32CubeIDE_1.19.0/STM32CubeIDE/plugins/com.st.stm32cube.ide.mcu.externaltools.gnu-tools-for-stm32.13.3.rel1.win32_1.0.0.202411081344/tools/bin/../lib/gcc/arm-none-eabi/13.3.1/../../../../arm-none-eabi/lib/thumb/v6-m/nofp\libc_nano.a(libc_a-stdio.o)
                0x08009590                __sclose
 .text.__swbuf_r
                0x0800959c       0x84 C:/ST/STM32CubeIDE_1.19.0/STM32CubeIDE/plugins/com.st.stm32cube.ide.mcu.externaltools.gnu-tools-for-stm32.13.3.rel1.win32_1.0.0.202411081344/tools/bin/../lib/gcc/arm-none-eabi/13.3.1/../../../../arm-none-eabi/lib/thumb/v6-m/nofp\libc_nano.a(libc_a-wbuf.o)
                0x0800959c                __swbuf_r
 .text.__swsetup_r
                0x08009620       0xbc C:/ST/STM32CubeIDE_1.19.0/STM32CubeIDE/plugins/com.st.stm32cube.ide.mcu.externaltools.gnu-tools-for-stm32.13.3.rel1.win32_1.0.0.202411081344/tools/bin/../lib/gcc/arm-none-eabi/13.3.1/../../../../arm-none-eabi/lib/thumb/v6-m/nofp\libc_nano.a(libc_a-wsetup.o)
                0x08009620                __swsetup_r
 .text.memset   0x080096dc       0x10 C:/ST/STM32CubeIDE_1.19.0/STM32CubeIDE/plugins/com.st.stm32cube.ide.mcu.externaltools.gnu-tools-for-stm32.13.3.rel1.win32_1.0.0.202411081344/tools/bin/../lib/gcc/arm-none-eabi/13.3.1/../../../../arm-none-eabi/lib/thumb/v6-m/nofp\libc_nano.a(libc_a-memset.o)
                0x080096dc                memset
 .text._close_r
                0x080096ec       0x24 C:/ST/STM32CubeIDE_1.19.0/STM32CubeIDE/plugins/com.st.stm32cube.ide.mcu.externaltools.gnu-tools-for-stm32.13.3.rel1.win32_1.0.0.202411081344/tools/bin/../lib/gcc/arm-none-eabi/13.3.1/../../../../arm-none-eabi/lib/thumb/v6-m/nofp\libc_nano.a(libc_a-closer.o)
                0x080096ec                _close_r
 .text._lseek_r
                0x08009710       0x28 C:/ST/STM32CubeIDE_1.19.0/STM32CubeIDE/plugins/com.st.stm32cube.ide.mcu.externaltools.gnu-tools-for-stm32.13.3.rel1.win32_1.0.0.202411081344/tools/bin/../lib/gcc/arm-none-eabi/13.3.1/../../../../arm-none-eabi/lib/thumb/v6-m/nofp\libc_nano.a(libc_a-lseekr.o)
                0x08009710                _lseek_r
 .text._read_r  0x08009738       0x28 C:/ST/STM32CubeIDE_1.19.0/STM32CubeIDE/plugins/com.st.stm32cube.ide.mcu.externaltools.gnu-tools-for-stm32.13.3.rel1.win32_1.0.0.202411081344/tools/bin/../lib/gcc/arm-none-eabi/13.3.1/../../../../arm-none-eabi/lib/thumb/v6-m/nofp\libc_nano.a(libc_a-readr.o)
                0x08009738                _read_r
 .text._sbrk_r  0x08009760       0x24 C:/ST/STM32CubeIDE_1.19.0/STM32CubeIDE/plugins/com.st.stm32cube.ide.mcu.externaltools.gnu-tools-for-stm32.13.3.rel1.win32_1.0.0.202411081344/tools/bin/../lib/gcc/arm-none-eabi/13.3.1/../../../../arm-none-eabi/lib/thumb/v6-m/nofp\libc_nano.a(libc_a-sbrkr.o)
                0x08009760                _sbrk_r
 .text._write_r
                0x08009784       0x28 C:/ST/STM32CubeIDE_1.19.0/STM32CubeIDE/plugins/com.st.stm32cube.ide.mcu.externaltools.gnu-tools-for-stm32.13.3.rel1.win32_1.0.0.202411081344/tools/bin/../lib/gcc/arm-none-eabi/13.3.1/../../../../arm-none-eabi/lib/thumb/v6-m/nofp\libc_nano.a(libc_a-writer.o)
                0x08009784                _write_r
 .text.__errno  0x080097ac        0xc C:/ST/STM32CubeIDE_1.19.0/STM32CubeIDE/plugins/com.st.stm32cube.ide.mcu.externaltools.gnu-tools-for-stm32.13.3.rel1.win32_1.0.0.202411081344/tools/bin/../lib/gcc/arm-none-eabi/13.3.1/../../../../arm-none-eabi/lib/thumb/v6-m/nofp\libc_nano.a(libc_a-errno.o)
                0x080097ac                __errno
 .text.__libc_init_array
                0x080097b8       0x48 C:/ST/STM32CubeIDE_1.19.0/STM32CubeIDE/plugins/com.st.stm32cube.ide.mcu.externaltools.gnu-tools-for-stm32.13.3.rel1.win32_1.0.0.202411081344/tools/bin/../lib/gcc/arm-none-eabi/13.3.1/../../../../arm-none-eabi/lib/thumb/v6-m/nofp\libc_nano.a(libc_a-init.o)
                0x080097b8                __libc_init_array
 .text.__retarget_lock_init_recursive
                0x08009800        0x2 C:/ST/STM32CubeIDE_1.19.0/STM32CubeIDE/plugins/com.st.stm32cube.ide.mcu.externaltools.gnu-tools-for-stm32.13.3.rel1.win32_1.0.0.202411081344/tools/bin/../lib/gcc/arm-none-eabi/13.3.1/../../../../arm-none-eabi/lib/thumb/v6-m/nofp\libc_nano.a(libc_a-lock.o)
                0x08009800                __retarget_lock_init_recursive
 .text.__retarget_lock_acquire_recursive
                0x08009802        0x2 C:/ST/STM32CubeIDE_1.19.0/STM32CubeIDE/plugins/com.st.stm32cube.ide.mcu.externaltools.gnu-tools-for-stm32.13.3.rel1.win32_1.0.0.202411081344/tools/bin/../lib/gcc/arm-none-eabi/13.3.1/../../../../arm-none-eabi/lib/thumb/v6-m/nofp\libc_nano.a(libc_a-lock.o)
                0x08009802                __retarget_lock_acquire_recursive
 .text.__retarget_lock_release_recursive
                0x08009804        0x2 C:/ST/STM32CubeIDE_1.19.0/STM32CubeIDE/plugins/com.st.stm32cube.ide.mcu.externaltools.gnu-tools-for-stm32.13.3.rel1.win32_1.0.0.202411081344/tools/bin/../lib/gcc/arm-none-eabi/13.3.1/../../../../arm-none-eabi/lib/thumb/v6-m/nofp\libc_nano.a(libc_a-lock.o)
                0x08009804                __retarget_lock_release_recursive
 *fill*         0x08009806        0x2 
 .text._free_r  0x08009808       0x94 C:/ST/STM32CubeIDE_1.19.0/STM32CubeIDE/plugins/com.st.stm32cube.ide.mcu.externaltools.gnu-tools-for-stm32.13.3.rel1.win32_1.0.0.202411081344/tools/bin/../lib/gcc/arm-none-eabi/13.3.1/../../../../arm-none-eabi/lib/thumb/v6-m/nofp\libc_nano.a(libc_a-freer.o)
                0x08009808                _free_r
 .text.__ssputs_r
                0x0800989c       0xc0 C:/ST/STM32CubeIDE_1.19.0/STM32CubeIDE/plugins/com.st.stm32cube.ide.mcu.externaltools.gnu-tools-for-stm32.13.3.rel1.win32_1.0.0.202411081344/tools/bin/../lib/gcc/arm-none-eabi/13.3.1/../../../../arm-none-eabi/lib/thumb/v6-m/nofp\libc_nano.a(libc_a-nano-svfprintf.o)
                0x0800989c                __ssputs_r
 .text._svfprintf_r
                0x0800995c      0x1fc C:/ST/STM32CubeIDE_1.19.0/STM32CubeIDE/plugins/com.st.stm32cube.ide.mcu.externaltools.gnu-tools-for-stm32.13.3.rel1.win32_1.0.0.202411081344/tools/bin/../lib/gcc/arm-none-eabi/13.3.1/../../../../arm-none-eabi/lib/thumb/v6-m/nofp\libc_nano.a(libc_a-nano-svfprintf.o)
                0x0800995c                _svfiprintf_r
                0x0800995c                _svfprintf_r
 .text.__sfputc_r
                0x08009b58       0x2a C:/ST/STM32CubeIDE_1.19.0/STM32CubeIDE/plugins/com.st.stm32cube.ide.mcu.externaltools.gnu-tools-for-stm32.13.3.rel1.win32_1.0.0.202411081344/tools/bin/../lib/gcc/arm-none-eabi/13.3.1/../../../../arm-none-eabi/lib/thumb/v6-m/nofp\libc_nano.a(libc_a-nano-vfprintf.o)
 .text.__sfputs_r
                0x08009b82       0x24 C:/ST/STM32CubeIDE_1.19.0/STM32CubeIDE/plugins/com.st.stm32cube.ide.mcu.externaltools.gnu-tools-for-stm32.13.3.rel1.win32_1.0.0.202411081344/tools/bin/../lib/gcc/arm-none-eabi/13.3.1/../../../../arm-none-eabi/lib/thumb/v6-m/nofp\libc_nano.a(libc_a-nano-vfprintf.o)
                0x08009b82                __sfputs_r
 *fill*         0x08009ba6        0x2 
 .text._vfprintf_r
                0x08009ba8      0x238 C:/ST/STM32CubeIDE_1.19.0/STM32CubeIDE/plugins/com.st.stm32cube.ide.mcu.externaltools.gnu-tools-for-stm32.13.3.rel1.win32_1.0.0.202411081344/tools/bin/../lib/gcc/arm-none-eabi/13.3.1/../../../../arm-none-eabi/lib/thumb/v6-m/nofp\libc_nano.a(libc_a-nano-vfprintf.o)
                0x08009ba8                _vfprintf_r
                0x08009ba8                _vfiprintf_r
 .text._printf_common
                0x08009de0       0xde C:/ST/STM32CubeIDE_1.19.0/STM32CubeIDE/plugins/com.st.stm32cube.ide.mcu.externaltools.gnu-tools-for-stm32.13.3.rel1.win32_1.0.0.202411081344/tools/bin/../lib/gcc/arm-none-eabi/13.3.1/../../../../arm-none-eabi/lib/thumb/v6-m/nofp\libc_nano.a(libc_a-nano-vfprintf_i.o)
                0x08009de0                _printf_common
 *fill*         0x08009ebe        0x2 
 .text._printf_i
                0x08009ec0      0x218 C:/ST/STM32CubeIDE_1.19.0/STM32CubeIDE/plugins/com.st.stm32cube.ide.mcu.externaltools.gnu-tools-for-stm32.13.3.rel1.win32_1.0.0.202411081344/tools/bin/../lib/gcc/arm-none-eabi/13.3.1/../../../../arm-none-eabi/lib/thumb/v6-m/nofp\libc_nano.a(libc_a-nano-vfprintf_i.o)
                0x08009ec0                _printf_i
 .text.__sflush_r
                0x0800a0d8      0x10c C:/ST/STM32CubeIDE_1.19.0/STM32CubeIDE/plugins/com.st.stm32cube.ide.mcu.externaltools.gnu-tools-for-stm32.13.3.rel1.win32_1.0.0.202411081344/tools/bin/../lib/gcc/arm-none-eabi/13.3.1/../../../../arm-none-eabi/lib/thumb/v6-m/nofp\libc_nano.a(libc_a-fflush.o)
                0x0800a0d8                __sflush_r
 .text._fflush_r
                0x0800a1e4       0x56 C:/ST/STM32CubeIDE_1.19.0/STM32CubeIDE/plugins/com.st.stm32cube.ide.mcu.externaltools.gnu-tools-for-stm32.13.3.rel1.win32_1.0.0.202411081344/tools/bin/../lib/gcc/arm-none-eabi/13.3.1/../../../../arm-none-eabi/lib/thumb/v6-m/nofp\libc_nano.a(libc_a-fflush.o)
                0x0800a1e4                _fflush_r
 *fill*         0x0800a23a        0x2 
 .text.__swhatbuf_r
                0x0800a23c       0x54 C:/ST/STM32CubeIDE_1.19.0/STM32CubeIDE/plugins/com.st.stm32cube.ide.mcu.externaltools.gnu-tools-for-stm32.13.3.rel1.win32_1.0.0.202411081344/tools/bin/../lib/gcc/arm-none-eabi/13.3.1/../../../../arm-none-eabi/lib/thumb/v6-m/nofp\libc_nano.a(libc_a-makebuf.o)
                0x0800a23c                __swhatbuf_r
 .text.__smakebuf_r
                0x0800a290       0x82 C:/ST/STM32CubeIDE_1.19.0/STM32CubeIDE/plugins/com.st.stm32cube.ide.mcu.externaltools.gnu-tools-for-stm32.13.3.rel1.win32_1.0.0.202411081344/tools/bin/../lib/gcc/arm-none-eabi/13.3.1/../../../../arm-none-eabi/lib/thumb/v6-m/nofp\libc_nano.a(libc_a-makebuf.o)
                0x0800a290                __smakebuf_r
 .text.memmove  0x0800a312       0x24 C:/ST/STM32CubeIDE_1.19.0/STM32CubeIDE/plugins/com.st.stm32cube.ide.mcu.externaltools.gnu-tools-for-stm32.13.3.rel1.win32_1.0.0.202411081344/tools/bin/../lib/gcc/arm-none-eabi/13.3.1/../../../../arm-none-eabi/lib/thumb/v6-m/nofp\libc_nano.a(libc_a-memmove.o)
                0x0800a312                memmove
 *fill*         0x0800a336        0x2 
 .text._fstat_r
                0x0800a338       0x24 C:/ST/STM32CubeIDE_1.19.0/STM32CubeIDE/plugins/com.st.stm32cube.ide.mcu.externaltools.gnu-tools-for-stm32.13.3.rel1.win32_1.0.0.202411081344/tools/bin/../lib/gcc/arm-none-eabi/13.3.1/../../../../arm-none-eabi/lib/thumb/v6-m/nofp\libc_nano.a(libc_a-fstatr.o)
                0x0800a338                _fstat_r
 .text._isatty_r
                0x0800a35c       0x24 C:/ST/STM32CubeIDE_1.19.0/STM32CubeIDE/plugins/com.st.stm32cube.ide.mcu.externaltools.gnu-tools-for-stm32.13.3.rel1.win32_1.0.0.202411081344/tools/bin/../lib/gcc/arm-none-eabi/13.3.1/../../../../arm-none-eabi/lib/thumb/v6-m/nofp\libc_nano.a(libc_a-isattyr.o)
                0x0800a35c                _isatty_r
 .text.memchr   0x0800a380       0x16 C:/ST/STM32CubeIDE_1.19.0/STM32CubeIDE/plugins/com.st.stm32cube.ide.mcu.externaltools.gnu-tools-for-stm32.13.3.rel1.win32_1.0.0.202411081344/tools/bin/../lib/gcc/arm-none-eabi/13.3.1/../../../../arm-none-eabi/lib/thumb/v6-m/nofp\libc_nano.a(libc_a-memchr-stub.o)
                0x0800a380                memchr
 .text.memcpy   0x0800a396       0x12 C:/ST/STM32CubeIDE_1.19.0/STM32CubeIDE/plugins/com.st.stm32cube.ide.mcu.externaltools.gnu-tools-for-stm32.13.3.rel1.win32_1.0.0.202411081344/tools/bin/../lib/gcc/arm-none-eabi/13.3.1/../../../../arm-none-eabi/lib/thumb/v6-m/nofp\libc_nano.a(libc_a-memcpy-stub.o)
                0x0800a396                memcpy
 .text._realloc_r
                0x0800a3a8       0x60 C:/ST/STM32CubeIDE_1.19.0/STM32CubeIDE/plugins/com.st.stm32cube.ide.mcu.externaltools.gnu-tools-for-stm32.13.3.rel1.win32_1.0.0.202411081344/tools/bin/../lib/gcc/arm-none-eabi/13.3.1/../../../../arm-none-eabi/lib/thumb/v6-m/nofp\libc_nano.a(libc_a-reallocr.o)
                0x0800a3a8                _realloc_r
 .text._malloc_usable_size_r
                0x0800a408       0x10 C:/ST/STM32CubeIDE_1.19.0/STM32CubeIDE/plugins/com.st.stm32cube.ide.mcu.externaltools.gnu-tools-for-stm32.13.3.rel1.win32_1.0.0.202411081344/tools/bin/../lib/gcc/arm-none-eabi/13.3.1/../../../../arm-none-eabi/lib/thumb/v6-m/nofp\libc_nano.a(libc_a-msizer.o)
                0x0800a408                _malloc_usable_size_r
 *(.glue_7)
 .glue_7        0x0800a418        0x0 linker stubs
 *(.glue_7t)
 .glue_7t       0x0800a418        0x0 linker stubs
 *(.eh_frame)
 .eh_frame      0x0800a418        0x0 C:/ST/STM32CubeIDE_1.19.0/STM32CubeIDE/plugins/com.st.stm32cube.ide.mcu.externaltools.gnu-tools-for-stm32.13.3.rel1.win32_1.0.0.202411081344/tools/bin/../lib/gcc/arm-none-eabi/13.3.1/thumb/v6-m/nofp/crtbegin.o
 *(.init)
 .init          0x0800a418        0x4 C:/ST/STM32CubeIDE_1.19.0/STM32CubeIDE/plugins/com.st.stm32cube.ide.mcu.externaltools.gnu-tools-for-stm32.13.3.rel1.win32_1.0.0.202411081344/tools/bin/../lib/gcc/arm-none-eabi/13.3.1/thumb/v6-m/nofp/crti.o
                0x0800a418                _init
 .init          0x0800a41c        0x8 C:/ST/STM32CubeIDE_1.19.0/STM32CubeIDE/plugins/com.st.stm32cube.ide.mcu.externaltools.gnu-tools-for-stm32.13.3.rel1.win32_1.0.0.202411081344/tools/bin/../lib/gcc/arm-none-eabi/13.3.1/thumb/v6-m/nofp/crtn.o
 *(.fini)
 .fini          0x0800a424        0x4 C:/ST/STM32CubeIDE_1.19.0/STM32CubeIDE/plugins/com.st.stm32cube.ide.mcu.externaltools.gnu-tools-for-stm32.13.3.rel1.win32_1.0.0.202411081344/tools/bin/../lib/gcc/arm-none-eabi/13.3.1/thumb/v6-m/nofp/crti.o
                0x0800a424                _fini
 .fini          0x0800a428        0x8 C:/ST/STM32CubeIDE_1.19.0/STM32CubeIDE/plugins/com.st.stm32cube.ide.mcu.externaltools.gnu-tools-for-stm32.13.3.rel1.win32_1.0.0.202411081344/tools/bin/../lib/gcc/arm-none-eabi/13.3.1/thumb/v6-m/nofp/crtn.o
                0x0800a430                        . = ALIGN (0x4)
                0x0800a430                        _etext = .

.vfp11_veneer   0x0800a430        0x0
 .vfp11_veneer  0x0800a430        0x0 linker stubs

.v4_bx          0x0800a430        0x0
 .v4_bx         0x0800a430        0x0 linker stubs

.iplt           0x0800a430        0x0
 .iplt          0x0800a430        0x0 C:/ST/STM32CubeIDE_1.19.0/STM32CubeIDE/plugins/com.st.stm32cube.ide.mcu.externaltools.gnu-tools-for-stm32.13.3.rel1.win32_1.0.0.202411081344/tools/bin/../lib/gcc/arm-none-eabi/13.3.1/thumb/v6-m/nofp/crtbegin.o

.rodata         0x0800a430      0xaf0
                0x0800a430                        . = ALIGN (0x4)
 *(.rodata)
 .rodata        0x0800a430       0x21 ./Core/Src/main.o
 *fill*         0x0800a451        0x3 
 .rodata        0x0800a454      0x474 ./Core/Src/sd_functions.o
 .rodata        0x0800a8c8       0x58 ./Middlewares/Third_Party/FatFs/src/ff.o
 *(.rodata*)
 .rodata.SD_Driver
                0x0800a920       0x14 ./Core/Src/sd_diskio_spi.o
                0x0800a920                SD_Driver
 .rodata.AHBPrescTable
                0x0800a934       0x10 ./Core/Src/system_stm32f0xx.o
                0x0800a934                AHBPrescTable
 .rodata.APBPrescTable
                0x0800a944        0x8 ./Core/Src/system_stm32f0xx.o
                0x0800a944                APBPrescTable
 .rodata.aPLLMULFactorTable.1
                0x0800a94c       0x10 ./Drivers/STM32F0xx_HAL_Driver/Src/stm32f0xx_hal_rcc.o
 .rodata.aPredivFactorTable.0
                0x0800a95c       0x10 ./Drivers/STM32F0xx_HAL_Driver/Src/stm32f0xx_hal_rcc.o
 .rodata.ExCvt  0x0800a96c       0x80 ./Middlewares/Third_Party/FatFs/src/ff.o
 .rodata.LfnOfs
                0x0800a9ec        0xd ./Middlewares/Third_Party/FatFs/src/ff.o
 *fill*         0x0800a9f9        0x3 
 .rodata.vst.1  0x0800a9fc       0x16 ./Middlewares/Third_Party/FatFs/src/ff.o
 *fill*         0x0800aa12        0x2 
 .rodata.cst.0  0x0800aa14       0x16 ./Middlewares/Third_Party/FatFs/src/ff.o
 *fill*         0x0800aa2a        0x2 
 .rodata.Tbl    0x0800aa2c      0x100 ./Middlewares/Third_Party/FatFs/src/option/ccsbcs.o
 .rodata.tbl_lower.1
                0x0800ab2c      0x1e0 ./Middlewares/Third_Party/FatFs/src/option/ccsbcs.o
 .rodata.tbl_upper.0
                0x0800ad0c      0x1e0 ./Middlewares/Third_Party/FatFs/src/option/ccsbcs.o
 .rodata._svfprintf_r.str1.1
                0x0800aeec       0x33 C:/ST/STM32CubeIDE_1.19.0/STM32CubeIDE/plugins/com.st.stm32cube.ide.mcu.externaltools.gnu-tools-for-stm32.13.3.rel1.win32_1.0.0.202411081344/tools/bin/../lib/gcc/arm-none-eabi/13.3.1/../../../../arm-none-eabi/lib/thumb/v6-m/nofp\libc_nano.a(libc_a-nano-svfprintf.o)
                                 0x11 (size before relaxing)
 .rodata._vfprintf_r.str1.1
                0x0800af1f       0x11 C:/ST/STM32CubeIDE_1.19.0/STM32CubeIDE/plugins/com.st.stm32cube.ide.mcu.externaltools.gnu-tools-for-stm32.13.3.rel1.win32_1.0.0.202411081344/tools/bin/../lib/gcc/arm-none-eabi/13.3.1/../../../../arm-none-eabi/lib/thumb/v6-m/nofp\libc_nano.a(libc_a-nano-vfprintf.o)
 .rodata._printf_i.str1.1
                0x0800af1f       0x22 C:/ST/STM32CubeIDE_1.19.0/STM32CubeIDE/plugins/com.st.stm32cube.ide.mcu.externaltools.gnu-tools-for-stm32.13.3.rel1.win32_1.0.0.202411081344/tools/bin/../lib/gcc/arm-none-eabi/13.3.1/../../../../arm-none-eabi/lib/thumb/v6-m/nofp\libc_nano.a(libc_a-nano-vfprintf_i.o)
                0x0800af44                        . = ALIGN (0x4)
 *fill*         0x0800af1f        0x1 

.ARM.extab      0x0800af20        0x0
                0x0800af20                        . = ALIGN (0x4)
 *(.ARM.extab* .gnu.linkonce.armextab.*)
                0x0800af20                        . = ALIGN (0x4)

.ARM            0x0800af20        0x0
                0x0800af20                        . = ALIGN (0x4)
                0x0800af20                        __exidx_start = .
 *(.ARM.exidx*)
                0x0800af20                        __exidx_end = .
                0x0800af20                        . = ALIGN (0x4)

.preinit_array  0x0800af20        0x0
                0x0800af20                        . = ALIGN (0x4)
                0x0800af20                        PROVIDE (__preinit_array_start = .)
 *(.preinit_array*)
                0x0800af20                        PROVIDE (__preinit_array_end = .)
                0x0800af20                        . = ALIGN (0x4)

.init_array     0x0800af20        0x4
                0x0800af20                        . = ALIGN (0x4)
                0x0800af20                        PROVIDE (__init_array_start = .)
 *(SORT_BY_NAME(.init_array.*))
 *(.init_array*)
 .init_array    0x0800af20        0x4 C:/ST/STM32CubeIDE_1.19.0/STM32CubeIDE/plugins/com.st.stm32cube.ide.mcu.externaltools.gnu-tools-for-stm32.13.3.rel1.win32_1.0.0.202411081344/tools/bin/../lib/gcc/arm-none-eabi/13.3.1/thumb/v6-m/nofp/crtbegin.o
                0x0800af24                        PROVIDE (__init_array_end = .)
                0x0800af24                        . = ALIGN (0x4)

.fini_array     0x0800af24        0x4
                0x0800af24                        . = ALIGN (0x4)
                [!provide]                        PROVIDE (__fini_array_start = .)
 *(SORT_BY_NAME(.fini_array.*))
 *(.fini_array*)
 .fini_array    0x0800af24        0x4 C:/ST/STM32CubeIDE_1.19.0/STM32CubeIDE/plugins/com.st.stm32cube.ide.mcu.externaltools.gnu-tools-for-stm32.13.3.rel1.win32_1.0.0.202411081344/tools/bin/../lib/gcc/arm-none-eabi/13.3.1/thumb/v6-m/nofp/crtbegin.o
                [!provide]                        PROVIDE (__fini_array_end = .)
                0x0800af28                        . = ALIGN (0x4)
                0x0800af28                        _sidata = LOADADDR (.data)

.rel.dyn        0x0800af28        0x0
 .rel.iplt      0x0800af28        0x0 C:/ST/STM32CubeIDE_1.19.0/STM32CubeIDE/plugins/com.st.stm32cube.ide.mcu.externaltools.gnu-tools-for-stm32.13.3.rel1.win32_1.0.0.202411081344/tools/bin/../lib/gcc/arm-none-eabi/13.3.1/thumb/v6-m/nofp/crtbegin.o

.data           0x20000000       0x68 load address 0x0800af28
                0x20000000                        . = ALIGN (0x4)
                0x20000000                        _sdata = .
 *(.data)
 *(.data*)
 .data.SystemCoreClock
                0x20000000        0x4 ./Core/Src/system_stm32f0xx.o
                0x20000000                SystemCoreClock
 .data.uwTickPrio
                0x20000004        0x4 ./Drivers/STM32F0xx_HAL_Driver/Src/stm32f0xx_hal.o
                0x20000004                uwTickPrio
 .data.uwTickFreq
                0x20000008        0x1 ./Drivers/STM32F0xx_HAL_Driver/Src/stm32f0xx_hal.o
                0x20000008                uwTickFreq
 *fill*         0x20000009        0x3 
 .data.__sglue  0x2000000c        0xc C:/ST/STM32CubeIDE_1.19.0/STM32CubeIDE/plugins/com.st.stm32cube.ide.mcu.externaltools.gnu-tools-for-stm32.13.3.rel1.win32_1.0.0.202411081344/tools/bin/../lib/gcc/arm-none-eabi/13.3.1/../../../../arm-none-eabi/lib/thumb/v6-m/nofp\libc_nano.a(libc_a-findfp.o)
                0x2000000c                __sglue
 .data._impure_ptr
                0x20000018        0x4 C:/ST/STM32CubeIDE_1.19.0/STM32CubeIDE/plugins/com.st.stm32cube.ide.mcu.externaltools.gnu-tools-for-stm32.13.3.rel1.win32_1.0.0.202411081344/tools/bin/../lib/gcc/arm-none-eabi/13.3.1/../../../../arm-none-eabi/lib/thumb/v6-m/nofp\libc_nano.a(libc_a-impure.o)
                0x20000018                _impure_ptr
 .data._impure_data
                0x2000001c       0x4c C:/ST/STM32CubeIDE_1.19.0/STM32CubeIDE/plugins/com.st.stm32cube.ide.mcu.externaltools.gnu-tools-for-stm32.13.3.rel1.win32_1.0.0.202411081344/tools/bin/../lib/gcc/arm-none-eabi/13.3.1/../../../../arm-none-eabi/lib/thumb/v6-m/nofp\libc_nano.a(libc_a-impure.o)
                0x2000001c                _impure_data
 *(.RamFunc)
 *(.RamFunc*)
                0x20000068                        . = ALIGN (0x4)
                0x20000068                        _edata = .

.igot.plt       0x20000068        0x0 load address 0x0800af90
 .igot.plt      0x20000068        0x0 C:/ST/STM32CubeIDE_1.19.0/STM32CubeIDE/plugins/com.st.stm32cube.ide.mcu.externaltools.gnu-tools-for-stm32.13.3.rel1.win32_1.0.0.202411081344/tools/bin/../lib/gcc/arm-none-eabi/13.3.1/thumb/v6-m/nofp/crtbegin.o
                0x20000068                        . = ALIGN (0x4)

.bss            0x20000068      0x750 load address 0x0800af90
                0x20000068                        _sbss = .
                0x20000068                        __bss_start__ = _sbss
 *(.bss)
 .bss           0x20000068       0x1c C:/ST/STM32CubeIDE_1.19.0/STM32CubeIDE/plugins/com.st.stm32cube.ide.mcu.externaltools.gnu-tools-for-stm32.13.3.rel1.win32_1.0.0.202411081344/tools/bin/../lib/gcc/arm-none-eabi/13.3.1/thumb/v6-m/nofp/crtbegin.o
 *(.bss*)
 .bss.hspi1     0x20000084       0x64 ./Core/Src/main.o
                0x20000084                hspi1
 .bss.hdma_spi1_rx
                0x200000e8       0x44 ./Core/Src/main.o
                0x200000e8                hdma_spi1_rx
 .bss.hdma_spi1_tx
                0x2000012c       0x44 ./Core/Src/main.o
                0x2000012c                hdma_spi1_tx
 .bss.huart2    0x20000170       0x88 ./Core/Src/main.o
                0x20000170                huart2
 .bss.sd_path   0x200001f8        0x4 ./Core/Src/sd_functions.o
                0x200001f8                sd_path
 .bss.fs        0x200001fc      0x230 ./Core/Src/sd_functions.o
                0x200001fc                fs
 .bss.dma_tx_done
                0x2000042c        0x4 ./Core/Src/sd_spi.o
                0x2000042c                dma_tx_done
 .bss.dma_rx_done
                0x20000430        0x4 ./Core/Src/sd_spi.o
                0x20000430                dma_rx_done
 .bss.sdhc      0x20000434        0x1 ./Core/Src/sd_spi.o
 .bss.card_initialized
                0x20000435        0x1 ./Core/Src/sd_spi.o
                0x20000435                card_initialized
 *fill*         0x20000436        0x2 
 .bss.tx_dummy.0
                0x20000438      0x200 ./Core/Src/sd_spi.o
 .bss.__sbrk_heap_end
                0x20000638        0x4 ./Core/Src/sysmem.o
 .bss.uwTick    0x2000063c        0x4 ./Drivers/STM32F0xx_HAL_Driver/Src/stm32f0xx_hal.o
                0x2000063c                uwTick
 .bss.FatFs     0x20000640        0x4 ./Middlewares/Third_Party/FatFs/src/ff.o
 .bss.Fsid      0x20000644        0x2 ./Middlewares/Third_Party/FatFs/src/ff.o
 *fill*         0x20000646        0x2 
 .bss.Files     0x20000648       0x18 ./Middlewares/Third_Party/FatFs/src/ff.o
 .bss.disk      0x20000660        0xc ./Middlewares/Third_Party/FatFs/src/ff_gen_drv.o
                0x20000660                disk
 .bss.__malloc_sbrk_start
                0x2000066c        0x4 C:/ST/STM32CubeIDE_1.19.0/STM32CubeIDE/plugins/com.st.stm32cube.ide.mcu.externaltools.gnu-tools-for-stm32.13.3.rel1.win32_1.0.0.202411081344/tools/bin/../lib/gcc/arm-none-eabi/13.3.1/../../../../arm-none-eabi/lib/thumb/v6-m/nofp\libc_nano.a(libc_a-mallocr.o)
                0x2000066c                __malloc_sbrk_start
 .bss.__malloc_free_list
                0x20000670        0x4 C:/ST/STM32CubeIDE_1.19.0/STM32CubeIDE/plugins/com.st.stm32cube.ide.mcu.externaltools.gnu-tools-for-stm32.13.3.rel1.win32_1.0.0.202411081344/tools/bin/../lib/gcc/arm-none-eabi/13.3.1/../../../../arm-none-eabi/lib/thumb/v6-m/nofp\libc_nano.a(libc_a-mallocr.o)
                0x20000670                __malloc_free_list
 .bss.__sf      0x20000674      0x138 C:/ST/STM32CubeIDE_1.19.0/STM32CubeIDE/plugins/com.st.stm32cube.ide.mcu.externaltools.gnu-tools-for-stm32.13.3.rel1.win32_1.0.0.202411081344/tools/bin/../lib/gcc/arm-none-eabi/13.3.1/../../../../arm-none-eabi/lib/thumb/v6-m/nofp\libc_nano.a(libc_a-findfp.o)
                0x20000674                __sf
 .bss.__stdio_exit_handler
                0x200007ac        0x4 C:/ST/STM32CubeIDE_1.19.0/STM32CubeIDE/plugins/com.st.stm32cube.ide.mcu.externaltools.gnu-tools-for-stm32.13.3.rel1.win32_1.0.0.202411081344/tools/bin/../lib/gcc/arm-none-eabi/13.3.1/../../../../arm-none-eabi/lib/thumb/v6-m/nofp\libc_nano.a(libc_a-findfp.o)
                0x200007ac                __stdio_exit_handler
 .bss.errno     0x200007b0        0x4 C:/ST/STM32CubeIDE_1.19.0/STM32CubeIDE/plugins/com.st.stm32cube.ide.mcu.externaltools.gnu-tools-for-stm32.13.3.rel1.win32_1.0.0.202411081344/tools/bin/../lib/gcc/arm-none-eabi/13.3.1/../../../../arm-none-eabi/lib/thumb/v6-m/nofp\libc_nano.a(libc_a-reent.o)
                0x200007b0                errno
 .bss.__lock___malloc_recursive_mutex
                0x200007b4        0x1 C:/ST/STM32CubeIDE_1.19.0/STM32CubeIDE/plugins/com.st.stm32cube.ide.mcu.externaltools.gnu-tools-for-stm32.13.3.rel1.win32_1.0.0.202411081344/tools/bin/../lib/gcc/arm-none-eabi/13.3.1/../../../../arm-none-eabi/lib/thumb/v6-m/nofp\libc_nano.a(libc_a-lock.o)
                0x200007b4                __lock___malloc_recursive_mutex
 .bss.__lock___sfp_recursive_mutex
                0x200007b5        0x1 C:/ST/STM32CubeIDE_1.19.0/STM32CubeIDE/plugins/com.st.stm32cube.ide.mcu.externaltools.gnu-tools-for-stm32.13.3.rel1.win32_1.0.0.202411081344/tools/bin/../lib/gcc/arm-none-eabi/13.3.1/../../../../arm-none-eabi/lib/thumb/v6-m/nofp\libc_nano.a(libc_a-lock.o)
                0x200007b5                __lock___sfp_recursive_mutex
 *(COMMON)
                0x200007b8                        . = ALIGN (0x4)
 *fill*         0x200007b6        0x2 
                0x200007b8                        _ebss = .
                0x200007b8                        __bss_end__ = _ebss

._user_heap_stack
                0x200007b8      0x600 load address 0x0800af90
                0x200007b8                        . = ALIGN (0x8)
                [!provide]                        PROVIDE (end = .)
                0x200007b8                        PROVIDE (_end = .)
                0x200009b8                        . = (. + _Min_Heap_Size)
 *fill*         0x200007b8      0x200 
                0x20000db8                        . = (. + _Min_Stack_Size)
 *fill*         0x200009b8      0x400 
                0x20000db8                        . = ALIGN (0x8)

/DISCARD/
 libc.a(*)
 libm.a(*)
 libgcc.a(*)

.ARM.attributes
                0x00000000       0x28
 *(.ARM.attributes)
 .ARM.attributes
                0x00000000       0x1e C:/ST/STM32CubeIDE_1.19.0/STM32CubeIDE/plugins/com.st.stm32cube.ide.mcu.externaltools.gnu-tools-for-stm32.13.3.rel1.win32_1.0.0.202411081344/tools/bin/../lib/gcc/arm-none-eabi/13.3.1/thumb/v6-m/nofp/crti.o
 .ARM.attributes
                0x0000001e       0x2c C:/ST/STM32CubeIDE_1.19.0/STM32CubeIDE/plugins/com.st.stm32cube.ide.mcu.externaltools.gnu-tools-for-stm32.13.3.rel1.win32_1.0.0.202411081344/tools/bin/../lib/gcc/arm-none-eabi/13.3.1/thumb/v6-m/nofp/crtbegin.o
 .ARM.attributes
                0x0000004a       0x2c ./Core/Src/main.o
 .ARM.attributes
                0x00000076       0x2c ./Core/Src/sd_diskio_spi.o
 .ARM.attributes
                0x000000a2       0x2c ./Core/Src/sd_functions.o
 .ARM.attributes
                0x000000ce       0x2c ./Core/Src/sd_spi.o
 .ARM.attributes
                0x000000fa       0x2c ./Core/Src/stm32f0xx_hal_msp.o
 .ARM.attributes
                0x00000126       0x2c ./Core/Src/stm32f0xx_it.o
 .ARM.attributes
                0x00000152       0x2c ./Core/Src/syscalls.o
 .ARM.attributes
                0x0000017e       0x2c ./Core/Src/sysmem.o
 .ARM.attributes
                0x000001aa       0x2c ./Core/Src/system_stm32f0xx.o
 .ARM.attributes
                0x000001d6       0x21 ./Core/Startup/startup_stm32f051r8tx.o
 .ARM.attributes
                0x000001f7       0x2c ./Drivers/STM32F0xx_HAL_Driver/Src/stm32f0xx_hal.o
 .ARM.attributes
                0x00000223       0x2c ./Drivers/STM32F0xx_HAL_Driver/Src/stm32f0xx_hal_cortex.o
 .ARM.attributes
                0x0000024f       0x2c ./Drivers/STM32F0xx_HAL_Driver/Src/stm32f0xx_hal_dma.o
 .ARM.attributes
                0x0000027b       0x2c ./Drivers/STM32F0xx_HAL_Driver/Src/stm32f0xx_hal_gpio.o
 .ARM.attributes
                0x000002a7       0x2c ./Drivers/STM32F0xx_HAL_Driver/Src/stm32f0xx_hal_rcc.o
 .ARM.attributes
                0x000002d3       0x2c ./Drivers/STM32F0xx_HAL_Driver/Src/stm32f0xx_hal_spi.o
 .ARM.attributes
                0x000002ff       0x2c ./Drivers/STM32F0xx_HAL_Driver/Src/stm32f0xx_hal_uart.o
 .ARM.attributes
                0x0000032b       0x2c ./FATFS/App/fatfs.o
 .ARM.attributes
                0x00000357       0x2c ./Middlewares/Third_Party/FatFs/src/diskio.o
 .ARM.attributes
                0x00000383       0x2c ./Middlewares/Third_Party/FatFs/src/ff.o
 .ARM.attributes
                0x000003af       0x2c ./Middlewares/Third_Party/FatFs/src/ff_gen_drv.o
 .ARM.attributes
                0x000003db       0x2c ./Middlewares/Third_Party/FatFs/src/option/ccsbcs.o
 .ARM.attributes
                0x00000407       0x2c ./Middlewares/Third_Party/FatFs/src/option/syscall.o
 .ARM.attributes
                0x00000433       0x2c C:/ST/STM32CubeIDE_1.19.0/STM32CubeIDE/plugins/com.st.stm32cube.ide.mcu.externaltools.gnu-tools-for-stm32.13.3.rel1.win32_1.0.0.202411081344/tools/bin/../lib/gcc/arm-none-eabi/13.3.1/../../../../arm-none-eabi/lib/thumb/v6-m/nofp\libc_nano.a(libc_a-malloc.o)
 .ARM.attributes
                0x0000045f       0x2c C:/ST/STM32CubeIDE_1.19.0/STM32CubeIDE/plugins/com.st.stm32cube.ide.mcu.externaltools.gnu-tools-for-stm32.13.3.rel1.win32_1.0.0.202411081344/tools/bin/../lib/gcc/arm-none-eabi/13.3.1/../../../../arm-none-eabi/lib/thumb/v6-m/nofp\libc_nano.a(libc_a-mallocr.o)
 .ARM.attributes
                0x0000048b       0x2c C:/ST/STM32CubeIDE_1.19.0/STM32CubeIDE/plugins/com.st.stm32cube.ide.mcu.externaltools.gnu-tools-for-stm32.13.3.rel1.win32_1.0.0.202411081344/tools/bin/../lib/gcc/arm-none-eabi/13.3.1/../../../../arm-none-eabi/lib/thumb/v6-m/nofp\libc_nano.a(libc_a-mlock.o)
 .ARM.attributes
                0x000004b7       0x2c C:/ST/STM32CubeIDE_1.19.0/STM32CubeIDE/plugins/com.st.stm32cube.ide.mcu.externaltools.gnu-tools-for-stm32.13.3.rel1.win32_1.0.0.202411081344/tools/bin/../lib/gcc/arm-none-eabi/13.3.1/../../../../arm-none-eabi/lib/thumb/v6-m/nofp\libc_nano.a(libc_a-findfp.o)
 .ARM.attributes
                0x000004e3       0x2c C:/ST/STM32CubeIDE_1.19.0/STM32CubeIDE/plugins/com.st.stm32cube.ide.mcu.externaltools.gnu-tools-for-stm32.13.3.rel1.win32_1.0.0.202411081344/tools/bin/../lib/gcc/arm-none-eabi/13.3.1/../../../../arm-none-eabi/lib/thumb/v6-m/nofp\libc_nano.a(libc_a-fwalk.o)
 .ARM.attributes
                0x0000050f       0x2c C:/ST/STM32CubeIDE_1.19.0/STM32CubeIDE/plugins/com.st.stm32cube.ide.mcu.externaltools.gnu-tools-for-stm32.13.3.rel1.win32_1.0.0.202411081344/tools/bin/../lib/gcc/arm-none-eabi/13.3.1/../../../../arm-none-eabi/lib/thumb/v6-m/nofp\libc_nano.a(libc_a-printf.o)
 .ARM.attributes
                0x0000053b       0x2c C:/ST/STM32CubeIDE_1.19.0/STM32CubeIDE/plugins/com.st.stm32cube.ide.mcu.externaltools.gnu-tools-for-stm32.13.3.rel1.win32_1.0.0.202411081344/tools/bin/../lib/gcc/arm-none-eabi/13.3.1/../../../../arm-none-eabi/lib/thumb/v6-m/nofp\libc_nano.a(libc_a-puts.o)
 .ARM.attributes
                0x00000567       0x2c C:/ST/STM32CubeIDE_1.19.0/STM32CubeIDE/plugins/com.st.stm32cube.ide.mcu.externaltools.gnu-tools-for-stm32.13.3.rel1.win32_1.0.0.202411081344/tools/bin/../lib/gcc/arm-none-eabi/13.3.1/../../../../arm-none-eabi/lib/thumb/v6-m/nofp\libc_nano.a(libc_a-snprintf.o)
 .ARM.attributes
                0x00000593       0x2c C:/ST/STM32CubeIDE_1.19.0/STM32CubeIDE/plugins/com.st.stm32cube.ide.mcu.externaltools.gnu-tools-for-stm32.13.3.rel1.win32_1.0.0.202411081344/tools/bin/../lib/gcc/arm-none-eabi/13.3.1/../../../../arm-none-eabi/lib/thumb/v6-m/nofp\libc_nano.a(libc_a-stdio.o)
 .ARM.attributes
                0x000005bf       0x2c C:/ST/STM32CubeIDE_1.19.0/STM32CubeIDE/plugins/com.st.stm32cube.ide.mcu.externaltools.gnu-tools-for-stm32.13.3.rel1.win32_1.0.0.202411081344/tools/bin/../lib/gcc/arm-none-eabi/13.3.1/../../../../arm-none-eabi/lib/thumb/v6-m/nofp\libc_nano.a(libc_a-wbuf.o)
 .ARM.attributes
                0x000005eb       0x2c C:/ST/STM32CubeIDE_1.19.0/STM32CubeIDE/plugins/com.st.stm32cube.ide.mcu.externaltools.gnu-tools-for-stm32.13.3.rel1.win32_1.0.0.202411081344/tools/bin/../lib/gcc/arm-none-eabi/13.3.1/../../../../arm-none-eabi/lib/thumb/v6-m/nofp\libc_nano.a(libc_a-wsetup.o)
 .ARM.attributes
                0x00000617       0x2c C:/ST/STM32CubeIDE_1.19.0/STM32CubeIDE/plugins/com.st.stm32cube.ide.mcu.externaltools.gnu-tools-for-stm32.13.3.rel1.win32_1.0.0.202411081344/tools/bin/../lib/gcc/arm-none-eabi/13.3.1/../../../../arm-none-eabi/lib/thumb/v6-m/nofp\libc_nano.a(libc_a-memset.o)
 .ARM.attributes
                0x00000643       0x2c C:/ST/STM32CubeIDE_1.19.0/STM32CubeIDE/plugins/com.st.stm32cube.ide.mcu.externaltools.gnu-tools-for-stm32.13.3.rel1.win32_1.0.0.202411081344/tools/bin/../lib/gcc/arm-none-eabi/13.3.1/../../../../arm-none-eabi/lib/thumb/v6-m/nofp\libc_nano.a(libc_a-closer.o)
 .ARM.attributes
                0x0000066f       0x2c C:/ST/STM32CubeIDE_1.19.0/STM32CubeIDE/plugins/com.st.stm32cube.ide.mcu.externaltools.gnu-tools-for-stm32.13.3.rel1.win32_1.0.0.202411081344/tools/bin/../lib/gcc/arm-none-eabi/13.3.1/../../../../arm-none-eabi/lib/thumb/v6-m/nofp\libc_nano.a(libc_a-reent.o)
 .ARM.attributes
                0x0000069b       0x2c C:/ST/STM32CubeIDE_1.19.0/STM32CubeIDE/plugins/com.st.stm32cube.ide.mcu.externaltools.gnu-tools-for-stm32.13.3.rel1.win32_1.0.0.202411081344/tools/bin/../lib/gcc/arm-none-eabi/13.3.1/../../../../arm-none-eabi/lib/thumb/v6-m/nofp\libc_nano.a(libc_a-impure.o)
 .ARM.attributes
                0x000006c7       0x2c C:/ST/STM32CubeIDE_1.19.0/STM32CubeIDE/plugins/com.st.stm32cube.ide.mcu.externaltools.gnu-tools-for-stm32.13.3.rel1.win32_1.0.0.202411081344/tools/bin/../lib/gcc/arm-none-eabi/13.3.1/../../../../arm-none-eabi/lib/thumb/v6-m/nofp\libc_nano.a(libc_a-lseekr.o)
 .ARM.attributes
                0x000006f3       0x2c C:/ST/STM32CubeIDE_1.19.0/STM32CubeIDE/plugins/com.st.stm32cube.ide.mcu.externaltools.gnu-tools-for-stm32.13.3.rel1.win32_1.0.0.202411081344/tools/bin/../lib/gcc/arm-none-eabi/13.3.1/../../../../arm-none-eabi/lib/thumb/v6-m/nofp\libc_nano.a(libc_a-readr.o)
 .ARM.attributes
                0x0000071f       0x2c C:/ST/STM32CubeIDE_1.19.0/STM32CubeIDE/plugins/com.st.stm32cube.ide.mcu.externaltools.gnu-tools-for-stm32.13.3.rel1.win32_1.0.0.202411081344/tools/bin/../lib/gcc/arm-none-eabi/13.3.1/../../../../arm-none-eabi/lib/thumb/v6-m/nofp\libc_nano.a(libc_a-sbrkr.o)
 .ARM.attributes
                0x0000074b       0x2c C:/ST/STM32CubeIDE_1.19.0/STM32CubeIDE/plugins/com.st.stm32cube.ide.mcu.externaltools.gnu-tools-for-stm32.13.3.rel1.win32_1.0.0.202411081344/tools/bin/../lib/gcc/arm-none-eabi/13.3.1/../../../../arm-none-eabi/lib/thumb/v6-m/nofp\libc_nano.a(libc_a-writer.o)
 .ARM.attributes
                0x00000777       0x2c C:/ST/STM32CubeIDE_1.19.0/STM32CubeIDE/plugins/com.st.stm32cube.ide.mcu.externaltools.gnu-tools-for-stm32.13.3.rel1.win32_1.0.0.202411081344/tools/bin/../lib/gcc/arm-none-eabi/13.3.1/../../../../arm-none-eabi/lib/thumb/v6-m/nofp\libc_nano.a(libc_a-errno.o)
 .ARM.attributes
                0x000007a3       0x2c C:/ST/STM32CubeIDE_1.19.0/STM32CubeIDE/plugins/com.st.stm32cube.ide.mcu.externaltools.gnu-tools-for-stm32.13.3.rel1.win32_1.0.0.202411081344/tools/bin/../lib/gcc/arm-none-eabi/13.3.1/../../../../arm-none-eabi/lib/thumb/v6-m/nofp\libc_nano.a(libc_a-init.o)
 .ARM.attributes
                0x000007cf       0x2c C:/ST/STM32CubeIDE_1.19.0/STM32CubeIDE/plugins/com.st.stm32cube.ide.mcu.externaltools.gnu-tools-for-stm32.13.3.rel1.win32_1.0.0.202411081344/tools/bin/../lib/gcc/arm-none-eabi/13.3.1/../../../../arm-none-eabi/lib/thumb/v6-m/nofp\libc_nano.a(libc_a-lock.o)
 .ARM.attributes
                0x000007fb       0x1c C:/ST/STM32CubeIDE_1.19.0/STM32CubeIDE/plugins/com.st.stm32cube.ide.mcu.externaltools.gnu-tools-for-stm32.13.3.rel1.win32_1.0.0.202411081344/tools/bin/../lib/gcc/arm-none-eabi/13.3.1/../../../../arm-none-eabi/lib/thumb/v6-m/nofp\libc_nano.a(libc_a-strcmp.o)
 .ARM.attributes
                0x00000817       0x1c C:/ST/STM32CubeIDE_1.19.0/STM32CubeIDE/plugins/com.st.stm32cube.ide.mcu.externaltools.gnu-tools-for-stm32.13.3.rel1.win32_1.0.0.202411081344/tools/bin/../lib/gcc/arm-none-eabi/13.3.1/../../../../arm-none-eabi/lib/thumb/v6-m/nofp\libc_nano.a(libc_a-strlen.o)
 .ARM.attributes
                0x00000833       0x2c C:/ST/STM32CubeIDE_1.19.0/STM32CubeIDE/plugins/com.st.stm32cube.ide.mcu.externaltools.gnu-tools-for-stm32.13.3.rel1.win32_1.0.0.202411081344/tools/bin/../lib/gcc/arm-none-eabi/13.3.1/../../../../arm-none-eabi/lib/thumb/v6-m/nofp\libc_nano.a(libc_a-freer.o)
 .ARM.attributes
                0x0000085f       0x2c C:/ST/STM32CubeIDE_1.19.0/STM32CubeIDE/plugins/com.st.stm32cube.ide.mcu.externaltools.gnu-tools-for-stm32.13.3.rel1.win32_1.0.0.202411081344/tools/bin/../lib/gcc/arm-none-eabi/13.3.1/../../../../arm-none-eabi/lib/thumb/v6-m/nofp\libc_nano.a(libc_a-nano-svfprintf.o)
 .ARM.attributes
                0x0000088b       0x2c C:/ST/STM32CubeIDE_1.19.0/STM32CubeIDE/plugins/com.st.stm32cube.ide.mcu.externaltools.gnu-tools-for-stm32.13.3.rel1.win32_1.0.0.202411081344/tools/bin/../lib/gcc/arm-none-eabi/13.3.1/../../../../arm-none-eabi/lib/thumb/v6-m/nofp\libc_nano.a(libc_a-nano-vfprintf.o)
 .ARM.attributes
                0x000008b7       0x2c C:/ST/STM32CubeIDE_1.19.0/STM32CubeIDE/plugins/com.st.stm32cube.ide.mcu.externaltools.gnu-tools-for-stm32.13.3.rel1.win32_1.0.0.202411081344/tools/bin/../lib/gcc/arm-none-eabi/13.3.1/../../../../arm-none-eabi/lib/thumb/v6-m/nofp\libc_nano.a(libc_a-nano-vfprintf_i.o)
 .ARM.attributes
                0x000008e3       0x2c C:/ST/STM32CubeIDE_1.19.0/STM32CubeIDE/plugins/com.st.stm32cube.ide.mcu.externaltools.gnu-tools-for-stm32.13.3.rel1.win32_1.0.0.202411081344/tools/bin/../lib/gcc/arm-none-eabi/13.3.1/../../../../arm-none-eabi/lib/thumb/v6-m/nofp\libc_nano.a(libc_a-fflush.o)
 .ARM.attributes
                0x0000090f       0x2c C:/ST/STM32CubeIDE_1.19.0/STM32CubeIDE/plugins/com.st.stm32cube.ide.mcu.externaltools.gnu-tools-for-stm32.13.3.rel1.win32_1.0.0.202411081344/tools/bin/../lib/gcc/arm-none-eabi/13.3.1/../../../../arm-none-eabi/lib/thumb/v6-m/nofp\libc_nano.a(libc_a-makebuf.o)
 .ARM.attributes
                0x0000093b       0x2c C:/ST/STM32CubeIDE_1.19.0/STM32CubeIDE/plugins/com.st.stm32cube.ide.mcu.externaltools.gnu-tools-for-stm32.13.3.rel1.win32_1.0.0.202411081344/tools/bin/../lib/gcc/arm-none-eabi/13.3.1/../../../../arm-none-eabi/lib/thumb/v6-m/nofp\libc_nano.a(libc_a-memmove.o)
 .ARM.attributes
                0x00000967       0x2c C:/ST/STM32CubeIDE_1.19.0/STM32CubeIDE/plugins/com.st.stm32cube.ide.mcu.externaltools.gnu-tools-for-stm32.13.3.rel1.win32_1.0.0.202411081344/tools/bin/../lib/gcc/arm-none-eabi/13.3.1/../../../../arm-none-eabi/lib/thumb/v6-m/nofp\libc_nano.a(libc_a-fstatr.o)
 .ARM.attributes
                0x00000993       0x2c C:/ST/STM32CubeIDE_1.19.0/STM32CubeIDE/plugins/com.st.stm32cube.ide.mcu.externaltools.gnu-tools-for-stm32.13.3.rel1.win32_1.0.0.202411081344/tools/bin/../lib/gcc/arm-none-eabi/13.3.1/../../../../arm-none-eabi/lib/thumb/v6-m/nofp\libc_nano.a(libc_a-isattyr.o)
 .ARM.attributes
                0x000009bf       0x2c C:/ST/STM32CubeIDE_1.19.0/STM32CubeIDE/plugins/com.st.stm32cube.ide.mcu.externaltools.gnu-tools-for-stm32.13.3.rel1.win32_1.0.0.202411081344/tools/bin/../lib/gcc/arm-none-eabi/13.3.1/../../../../arm-none-eabi/lib/thumb/v6-m/nofp\libc_nano.a(libc_a-memchr-stub.o)
 .ARM.attributes
                0x000009eb       0x2c C:/ST/STM32CubeIDE_1.19.0/STM32CubeIDE/plugins/com.st.stm32cube.ide.mcu.externaltools.gnu-tools-for-stm32.13.3.rel1.win32_1.0.0.202411081344/tools/bin/../lib/gcc/arm-none-eabi/13.3.1/../../../../arm-none-eabi/lib/thumb/v6-m/nofp\libc_nano.a(libc_a-memcpy-stub.o)
 .ARM.attributes
                0x00000a17       0x2c C:/ST/STM32CubeIDE_1.19.0/STM32CubeIDE/plugins/com.st.stm32cube.ide.mcu.externaltools.gnu-tools-for-stm32.13.3.rel1.win32_1.0.0.202411081344/tools/bin/../lib/gcc/arm-none-eabi/13.3.1/../../../../arm-none-eabi/lib/thumb/v6-m/nofp\libc_nano.a(libc_a-reallocr.o)
 .ARM.attributes
                0x00000a43       0x2c C:/ST/STM32CubeIDE_1.19.0/STM32CubeIDE/plugins/com.st.stm32cube.ide.mcu.externaltools.gnu-tools-for-stm32.13.3.rel1.win32_1.0.0.202411081344/tools/bin/../lib/gcc/arm-none-eabi/13.3.1/../../../../arm-none-eabi/lib/thumb/v6-m/nofp\libc_nano.a(libc_a-msizer.o)
 .ARM.attributes
                0x00000a6f       0x1e C:/ST/STM32CubeIDE_1.19.0/STM32CubeIDE/plugins/com.st.stm32cube.ide.mcu.externaltools.gnu-tools-for-stm32.13.3.rel1.win32_1.0.0.202411081344/tools/bin/../lib/gcc/arm-none-eabi/13.3.1/thumb/v6-m/nofp\libgcc.a(_thumb1_case_shi.o)
 .ARM.attributes
                0x00000a8d       0x1e C:/ST/STM32CubeIDE_1.19.0/STM32CubeIDE/plugins/com.st.stm32cube.ide.mcu.externaltools.gnu-tools-for-stm32.13.3.rel1.win32_1.0.0.202411081344/tools/bin/../lib/gcc/arm-none-eabi/13.3.1/thumb/v6-m/nofp\libgcc.a(_udivsi3.o)
 .ARM.attributes
                0x00000aab       0x1e C:/ST/STM32CubeIDE_1.19.0/STM32CubeIDE/plugins/com.st.stm32cube.ide.mcu.externaltools.gnu-tools-for-stm32.13.3.rel1.win32_1.0.0.202411081344/tools/bin/../lib/gcc/arm-none-eabi/13.3.1/thumb/v6-m/nofp\libgcc.a(_dvmd_tls.o)
 .ARM.attributes
                0x00000ac9       0x1e C:/ST/STM32CubeIDE_1.19.0/STM32CubeIDE/plugins/com.st.stm32cube.ide.mcu.externaltools.gnu-tools-for-stm32.13.3.rel1.win32_1.0.0.202411081344/tools/bin/../lib/gcc/arm-none-eabi/13.3.1/thumb/v6-m/nofp/crtn.o
OUTPUT(MicroSD - SPI - FatFs.elf elf32-littlearm)
LOAD linker stubs
LOAD C:/ST/STM32CubeIDE_1.19.0/STM32CubeIDE/plugins/com.st.stm32cube.ide.mcu.externaltools.gnu-tools-for-stm32.13.3.rel1.win32_1.0.0.202411081344/tools/bin/../lib/gcc/arm-none-eabi/13.3.1/../../../../arm-none-eabi/lib/thumb/v6-m/nofp\libc.a
LOAD C:/ST/STM32CubeIDE_1.19.0/STM32CubeIDE/plugins/com.st.stm32cube.ide.mcu.externaltools.gnu-tools-for-stm32.13.3.rel1.win32_1.0.0.202411081344/tools/bin/../lib/gcc/arm-none-eabi/13.3.1/../../../../arm-none-eabi/lib/thumb/v6-m/nofp\libm.a
LOAD C:/ST/STM32CubeIDE_1.19.0/STM32CubeIDE/plugins/com.st.stm32cube.ide.mcu.externaltools.gnu-tools-for-stm32.13.3.rel1.win32_1.0.0.202411081344/tools/bin/../lib/gcc/arm-none-eabi/13.3.1/thumb/v6-m/nofp\libgcc.a

.debug_info     0x00000000     0xefeb
 .debug_info    0x00000000      0xff5 ./Core/Src/main.o
 .debug_info    0x00000ff5      0x3c8 ./Core/Src/sd_diskio_spi.o
 .debug_info    0x000013bd      0xe12 ./Core/Src/sd_functions.o
 .debug_info    0x000021cf      0xbaa ./Core/Src/sd_spi.o
 .debug_info    0x00002d79      0xc8b ./Core/Src/stm32f0xx_hal_msp.o
 .debug_info    0x00003a04      0x33c ./Core/Src/stm32f0xx_it.o
 .debug_info    0x00003d40      0x6a3 ./Core/Src/syscalls.o
 .debug_info    0x000043e3      0x168 ./Core/Src/sysmem.o
 .debug_info    0x0000454b      0x242 ./Core/Src/system_stm32f0xx.o
 .debug_info    0x0000478d       0x30 ./Core/Startup/startup_stm32f051r8tx.o
 .debug_info    0x000047bd      0x6a9 ./Drivers/STM32F0xx_HAL_Driver/Src/stm32f0xx_hal.o
 .debug_info    0x00004e66      0x6b3 ./Drivers/STM32F0xx_HAL_Driver/Src/stm32f0xx_hal_cortex.o
 .debug_info    0x00005519      0x700 ./Drivers/STM32F0xx_HAL_Driver/Src/stm32f0xx_hal_dma.o
 .debug_info    0x00005c19      0x5b4 ./Drivers/STM32F0xx_HAL_Driver/Src/stm32f0xx_hal_gpio.o
 .debug_info    0x000061cd      0x833 ./Drivers/STM32F0xx_HAL_Driver/Src/stm32f0xx_hal_rcc.o
 .debug_info    0x00006a00     0x1624 ./Drivers/STM32F0xx_HAL_Driver/Src/stm32f0xx_hal_spi.o
 .debug_info    0x00008024     0x3a9e ./Drivers/STM32F0xx_HAL_Driver/Src/stm32f0xx_hal_uart.o
 .debug_info    0x0000bac2      0x4cf ./FATFS/App/fatfs.o
 .debug_info    0x0000bf91      0x3da ./Middlewares/Third_Party/FatFs/src/diskio.o
 .debug_info    0x0000c36b     0x2688 ./Middlewares/Third_Party/FatFs/src/ff.o
 .debug_info    0x0000e9f3      0x37a ./Middlewares/Third_Party/FatFs/src/ff_gen_drv.o
 .debug_info    0x0000ed6d      0x173 ./Middlewares/Third_Party/FatFs/src/option/ccsbcs.o
 .debug_info    0x0000eee0      0x10b ./Middlewares/Third_Party/FatFs/src/option/syscall.o

.debug_abbrev   0x00000000     0x2a8d
 .debug_abbrev  0x00000000      0x303 ./Core/Src/main.o
 .debug_abbrev  0x00000303      0x175 ./Core/Src/sd_diskio_spi.o
 .debug_abbrev  0x00000478      0x2a7 ./Core/Src/sd_functions.o
 .debug_abbrev  0x0000071f      0x2e3 ./Core/Src/sd_spi.o
 .debug_abbrev  0x00000a02      0x1eb ./Core/Src/stm32f0xx_hal_msp.o
 .debug_abbrev  0x00000bed      0x13b ./Core/Src/stm32f0xx_it.o
 .debug_abbrev  0x00000d28      0x1b6 ./Core/Src/syscalls.o
 .debug_abbrev  0x00000ede       0xbc ./Core/Src/sysmem.o
 .debug_abbrev  0x00000f9a      0x11c ./Core/Src/system_stm32f0xx.o
 .debug_abbrev  0x000010b6       0x24 ./Core/Startup/startup_stm32f051r8tx.o
 .debug_abbrev  0x000010da      0x247 ./Drivers/STM32F0xx_HAL_Driver/Src/stm32f0xx_hal.o
 .debug_abbrev  0x00001321      0x28c ./Drivers/STM32F0xx_HAL_Driver/Src/stm32f0xx_hal_cortex.o
 .debug_abbrev  0x000015ad      0x1ef ./Drivers/STM32F0xx_HAL_Driver/Src/stm32f0xx_hal_dma.o
 .debug_abbrev  0x0000179c      0x1ca ./Drivers/STM32F0xx_HAL_Driver/Src/stm32f0xx_hal_gpio.o
 .debug_abbrev  0x00001966      0x28c ./Drivers/STM32F0xx_HAL_Driver/Src/stm32f0xx_hal_rcc.o
 .debug_abbrev  0x00001bf2      0x265 ./Drivers/STM32F0xx_HAL_Driver/Src/stm32f0xx_hal_spi.o
 .debug_abbrev  0x00001e57      0x2e1 ./Drivers/STM32F0xx_HAL_Driver/Src/stm32f0xx_hal_uart.o
 .debug_abbrev  0x00002138      0x1a8 ./FATFS/App/fatfs.o
 .debug_abbrev  0x000022e0      0x181 ./Middlewares/Third_Party/FatFs/src/diskio.o
 .debug_abbrev  0x00002461      0x2fb ./Middlewares/Third_Party/FatFs/src/ff.o
 .debug_abbrev  0x0000275c      0x19f ./Middlewares/Third_Party/FatFs/src/ff_gen_drv.o
 .debug_abbrev  0x000028fb       0xd5 ./Middlewares/Third_Party/FatFs/src/option/ccsbcs.o
 .debug_abbrev  0x000029d0       0xbd ./Middlewares/Third_Party/FatFs/src/option/syscall.o

.debug_aranges  0x00000000      0xd50
 .debug_aranges
                0x00000000       0x58 ./Core/Src/main.o
 .debug_aranges
                0x00000058       0x40 ./Core/Src/sd_diskio_spi.o
 .debug_aranges
                0x00000098       0x80 ./Core/Src/sd_functions.o
 .debug_aranges
                0x00000118       0x88 ./Core/Src/sd_spi.o
 .debug_aranges
                0x000001a0       0x40 ./Core/Src/stm32f0xx_hal_msp.o
 .debug_aranges
                0x000001e0       0x48 ./Core/Src/stm32f0xx_it.o
 .debug_aranges
                0x00000228       0xa8 ./Core/Src/syscalls.o
 .debug_aranges
                0x000002d0       0x20 ./Core/Src/sysmem.o
 .debug_aranges
                0x000002f0       0x28 ./Core/Src/system_stm32f0xx.o
 .debug_aranges
                0x00000318       0x28 ./Core/Startup/startup_stm32f051r8tx.o
 .debug_aranges
                0x00000340       0xd0 ./Drivers/STM32F0xx_HAL_Driver/Src/stm32f0xx_hal.o
 .debug_aranges
                0x00000410       0xc0 ./Drivers/STM32F0xx_HAL_Driver/Src/stm32f0xx_hal_cortex.o
 .debug_aranges
                0x000004d0       0x88 ./Drivers/STM32F0xx_HAL_Driver/Src/stm32f0xx_hal_dma.o
 .debug_aranges
                0x00000558       0x58 ./Drivers/STM32F0xx_HAL_Driver/Src/stm32f0xx_hal_gpio.o
 .debug_aranges
                0x000005b0       0x80 ./Drivers/STM32F0xx_HAL_Driver/Src/stm32f0xx_hal_rcc.o
 .debug_aranges
                0x00000630      0x1d8 ./Drivers/STM32F0xx_HAL_Driver/Src/stm32f0xx_hal_spi.o
 .debug_aranges
                0x00000808      0x228 ./Drivers/STM32F0xx_HAL_Driver/Src/stm32f0xx_hal_uart.o
 .debug_aranges
                0x00000a30       0x28 ./FATFS/App/fatfs.o
 .debug_aranges
                0x00000a58       0x48 ./Middlewares/Third_Party/FatFs/src/diskio.o
 .debug_aranges
                0x00000aa0      0x220 ./Middlewares/Third_Party/FatFs/src/ff.o
 .debug_aranges
                0x00000cc0       0x40 ./Middlewares/Third_Party/FatFs/src/ff_gen_drv.o
 .debug_aranges
                0x00000d00       0x28 ./Middlewares/Third_Party/FatFs/src/option/ccsbcs.o
 .debug_aranges
                0x00000d28       0x28 ./Middlewares/Third_Party/FatFs/src/option/syscall.o

.debug_rnglists
                0x00000000      0xa3e
 .debug_rnglists
                0x00000000       0x3f ./Core/Src/main.o
 .debug_rnglists
                0x0000003f       0x2b ./Core/Src/sd_diskio_spi.o
 .debug_rnglists
                0x0000006a       0x61 ./Core/Src/sd_functions.o
 .debug_rnglists
                0x000000cb       0x67 ./Core/Src/sd_spi.o
 .debug_rnglists
                0x00000132       0x2d ./Core/Src/stm32f0xx_hal_msp.o
 .debug_rnglists
                0x0000015f       0x31 ./Core/Src/stm32f0xx_it.o
 .debug_rnglists
                0x00000190       0x79 ./Core/Src/syscalls.o
 .debug_rnglists
                0x00000209       0x13 ./Core/Src/sysmem.o
 .debug_rnglists
                0x0000021c       0x1a ./Core/Src/system_stm32f0xx.o
 .debug_rnglists
                0x00000236       0x19 ./Core/Startup/startup_stm32f051r8tx.o
 .debug_rnglists
                0x0000024f       0x97 ./Drivers/STM32F0xx_HAL_Driver/Src/stm32f0xx_hal.o
 .debug_rnglists
                0x000002e6       0x8c ./Drivers/STM32F0xx_HAL_Driver/Src/stm32f0xx_hal_cortex.o
 .debug_rnglists
                0x00000372       0x6a ./Drivers/STM32F0xx_HAL_Driver/Src/stm32f0xx_hal_dma.o
 .debug_rnglists
                0x000003dc       0x3f ./Drivers/STM32F0xx_HAL_Driver/Src/stm32f0xx_hal_gpio.o
 .debug_rnglists
                0x0000041b       0x60 ./Drivers/STM32F0xx_HAL_Driver/Src/stm32f0xx_hal_rcc.o
 .debug_rnglists
                0x0000047b      0x17a ./Drivers/STM32F0xx_HAL_Driver/Src/stm32f0xx_hal_spi.o
 .debug_rnglists
                0x000005f5      0x1db ./Drivers/STM32F0xx_HAL_Driver/Src/stm32f0xx_hal_uart.o
 .debug_rnglists
                0x000007d0       0x19 ./FATFS/App/fatfs.o
 .debug_rnglists
                0x000007e9       0x31 ./Middlewares/Third_Party/FatFs/src/diskio.o
 .debug_rnglists
                0x0000081a      0x1c4 ./Middlewares/Third_Party/FatFs/src/ff.o
 .debug_rnglists
                0x000009de       0x2d ./Middlewares/Third_Party/FatFs/src/ff_gen_drv.o
 .debug_rnglists
                0x00000a0b       0x1a ./Middlewares/Third_Party/FatFs/src/option/ccsbcs.o
 .debug_rnglists
                0x00000a25       0x19 ./Middlewares/Third_Party/FatFs/src/option/syscall.o

.debug_macro    0x00000000    0x14877
 .debug_macro   0x00000000      0x301 ./Core/Src/main.o
 .debug_macro   0x00000301      0xaae ./Core/Src/main.o
 .debug_macro   0x00000daf      0x133 ./Core/Src/main.o
 .debug_macro   0x00000ee2       0x2e ./Core/Src/main.o
 .debug_macro   0x00000f10       0x22 ./Core/Src/main.o
 .debug_macro   0x00000f32       0x22 ./Core/Src/main.o
 .debug_macro   0x00000f54       0x8e ./Core/Src/main.o
 .debug_macro   0x00000fe2       0x51 ./Core/Src/main.o
 .debug_macro   0x00001033      0x103 ./Core/Src/main.o
 .debug_macro   0x00001136       0x6a ./Core/Src/main.o
 .debug_macro   0x000011a0      0x1df ./Core/Src/main.o
 .debug_macro   0x0000137f       0x1c ./Core/Src/main.o
 .debug_macro   0x0000139b       0x22 ./Core/Src/main.o
 .debug_macro   0x000013bd       0xaf ./Core/Src/main.o
 .debug_macro   0x0000146c      0x391 ./Core/Src/main.o
 .debug_macro   0x000017fd     0x8d00 ./Core/Src/main.o
 .debug_macro   0x0000a4fd       0x66 ./Core/Src/main.o
 .debug_macro   0x0000a563     0x34da ./Core/Src/main.o
 .debug_macro   0x0000da3d      0x190 ./Core/Src/main.o
 .debug_macro   0x0000dbcd       0x55 ./Core/Src/main.o
 .debug_macro   0x0000dc22      0x924 ./Core/Src/main.o
 .debug_macro   0x0000e546      0x251 ./Core/Src/main.o
 .debug_macro   0x0000e797      0x1ae ./Core/Src/main.o
 .debug_macro   0x0000e945      0x114 ./Core/Src/main.o
 .debug_macro   0x0000ea59      0x1a0 ./Core/Src/main.o
 .debug_macro   0x0000ebf9      0x1ed ./Core/Src/main.o
 .debug_macro   0x0000ede6       0x34 ./Core/Src/main.o
 .debug_macro   0x0000ee1a       0x43 ./Core/Src/main.o
 .debug_macro   0x0000ee5d       0x28 ./Core/Src/main.o
 .debug_macro   0x0000ee85       0xb0 ./Core/Src/main.o
 .debug_macro   0x0000ef35      0x199 ./Core/Src/main.o
 .debug_macro   0x0000f0ce      0x22c ./Core/Src/main.o
 .debug_macro   0x0000f2fa       0x61 ./Core/Src/main.o
 .debug_macro   0x0000f35b       0xa5 ./Core/Src/main.o
 .debug_macro   0x0000f400       0x4c ./Core/Src/main.o
 .debug_macro   0x0000f44c      0x112 ./Core/Src/main.o
 .debug_macro   0x0000f55e      0x2fe ./Core/Src/main.o
 .debug_macro   0x0000f85c      0x5ba ./Core/Src/main.o
 .debug_macro   0x0000fe16       0x3e ./Core/Src/main.o
 .debug_macro   0x0000fe54      0x114 ./Core/Src/main.o
 .debug_macro   0x0000ff68       0x10 ./Core/Src/main.o
 .debug_macro   0x0000ff78       0xde ./Core/Src/main.o
 .debug_macro   0x00010056       0xf5 ./Core/Src/main.o
 .debug_macro   0x0001014b       0x8e ./Core/Src/main.o
 .debug_macro   0x000101d9       0x61 ./Core/Src/main.o
 .debug_macro   0x0001023a       0x24 ./Core/Src/main.o
 .debug_macro   0x0001025e       0x43 ./Core/Src/main.o
 .debug_macro   0x000102a1       0x34 ./Core/Src/main.o
 .debug_macro   0x000102d5       0x16 ./Core/Src/main.o
 .debug_macro   0x000102eb       0x3c ./Core/Src/main.o
 .debug_macro   0x00010327      0x370 ./Core/Src/main.o
 .debug_macro   0x00010697       0x10 ./Core/Src/main.o
 .debug_macro   0x000106a7       0x16 ./Core/Src/main.o