../Core/Src/sd_functions.c:29:5:sd_format	24	static
../Core/Src/sd_functions.c:41:5:sd_get_space_kb	48	static
../Core/Src/sd_functions.c:55:5:sd_mount	24	static
../Core/Src/sd_functions.c:113:5:sd_unmount	24	static
../Core/Src/sd_functions.c:119:5:sd_write_file	600	static
../Core/Src/sd_functions.c:131:5:sd_append_file	600	static
../Core/Src/sd_functions.c:149:5:sd_read_file	600	static
../Core/Src/sd_functions.c:184:5:sd_read_csv	744	static
../Core/Src/sd_functions.c:227:5:sd_delete_file	32	static
../Core/Src/sd_functions.c:233:5:sd_rename_file	32	static
../Core/Src/sd_functions.c:239:9:sd_create_directory	32	static
../Core/Src/sd_functions.c:245:6:sd_list_directory_recursive	1008	static
../Core/Src/sd_functions.c:277:6:sd_list_files	8	static
